Archive member included to satisfy reference by file (symbol)

E:/devkitPro/libnx/lib\libnx.a(console.o)
                              main.o (consoleInit)
E:/devkitPro/libnx/lib\libnx.a(applet.o)
                              main.o (appletMainLoop)
E:/devkitPro/libnx/lib\libnx.a(hid.o)
                              main.o (hidKeysDown)
E:/devkitPro/libnx/lib\libnx.a(sm.o)
                              E:/devkitPro/libnx/lib\libnx.a(applet.o) (smGetService)
E:/devkitPro/libnx/lib\libnx.a(apm.o)
                              E:/devkitPro/libnx/lib\libnx.a(applet.o) (apmExit)
E:/devkitPro/libnx/lib\libnx.a(fatal.o)
                              E:/devkitPro/libnx/lib\libnx.a(applet.o) (fatalSimple)
E:/devkitPro/libnx/lib\libnx.a(gfx.o)
                              E:/devkitPro/libnx/lib\libnx.a(console.o) (g_gfx_framebuf_display_height)
E:/devkitPro/libnx/lib\libnx.a(nvgfx.o)
                              E:/devkitPro/libnx/lib\libnx.a(gfx.o) (nvgfxInitialize)
E:/devkitPro/libnx/lib\libnx.a(channel.o)
                              E:/devkitPro/libnx/lib\libnx.a(nvgfx.o) (nvioctlChannel_SetNvmapFd)
E:/devkitPro/libnx/lib\libnx.a(nvhost-ctrl.o)
                              E:/devkitPro/libnx/lib\libnx.a(nvgfx.o) (nvioctlNvhostCtrl_EventWait)
E:/devkitPro/libnx/lib\libnx.a(nvhost-ctrl-gpu.o)
                              E:/devkitPro/libnx/lib\libnx.a(nvgfx.o) (nvioctlNvhostCtrlGpu_ZCullGetCtxSize)
E:/devkitPro/libnx/lib\libnx.a(nvhost-as-gpu.o)
                              E:/devkitPro/libnx/lib\libnx.a(nvgfx.o) (nvioctlNvhostAsGpu_BindChannel)
E:/devkitPro/libnx/lib\libnx.a(nvmap.o)
                              E:/devkitPro/libnx/lib\libnx.a(nvgfx.o) (nvioctlNvmap_Create)
E:/devkitPro/libnx/lib\libnx.a(cache.o)
                              E:/devkitPro/libnx/lib\libnx.a(gfx.o) (armDCacheFlush)
E:/devkitPro/libnx/lib\libnx.a(switch_crt0.o)
                              (_start)
E:/devkitPro/libnx/lib\libnx.a(svc.o)
                              E:/devkitPro/libnx/lib\libnx.a(fatal.o) (svcExitProcess)
E:/devkitPro/libnx/lib\libnx.a(default_font.bin.o)
                              E:/devkitPro/libnx/lib\libnx.a(console.o) (default_font_bin)
E:/devkitPro/libnx/lib\libnx.a(dynamic.o)
                              E:/devkitPro/libnx/lib\libnx.a(switch_crt0.o) (__nx_dynamic)
E:/devkitPro/libnx/lib\libnx.a(init.o)
                              E:/devkitPro/libnx/lib\libnx.a(switch_crt0.o) (__libnx_init)
E:/devkitPro/libnx/lib\libnx.a(env.o)
                              E:/devkitPro/libnx/lib\libnx.a(init.o) (envSetup)
E:/devkitPro/libnx/lib\libnx.a(newlib.o)
                              E:/devkitPro/libnx/lib\libnx.a(init.o) (__libnx_init_time)
E:/devkitPro/libnx/lib\libnx.a(argv.o)
                              E:/devkitPro/libnx/lib\libnx.a(init.o) (argvSetup)
E:/devkitPro/libnx/lib\libnx.a(detect.o)
                              E:/devkitPro/libnx/lib\libnx.a(applet.o) (kernelAbove200)
E:/devkitPro/libnx/lib\libnx.a(shmem.o)
                              E:/devkitPro/libnx/lib\libnx.a(hid.o) (shmemLoadRemote)
E:/devkitPro/libnx/lib\libnx.a(rwlock.o)
                              E:/devkitPro/libnx/lib\libnx.a(hid.o) (rwlockReadLock)
E:/devkitPro/libnx/lib\libnx.a(mutex.o)
                              E:/devkitPro/libnx/lib\libnx.a(newlib.o) (mutexLock)
E:/devkitPro/libnx/lib\libnx.a(virtmem.o)
                              E:/devkitPro/libnx/lib\libnx.a(init.o) (virtmemSetup)
E:/devkitPro/libnx/lib\libnx.a(fs_dev.o)
                              E:/devkitPro/libnx/lib\libnx.a(init.o) (fsdevMountSdmc)
E:/devkitPro/libnx/lib\libnx.a(nv.o)
                              E:/devkitPro/libnx/lib\libnx.a(gfx.o) (nvExit)
E:/devkitPro/libnx/lib\libnx.a(time.o)
                              E:/devkitPro/libnx/lib\libnx.a(init.o) (timeExit)
E:/devkitPro/libnx/lib\libnx.a(vi.o)
                              E:/devkitPro/libnx/lib\libnx.a(gfx.o) (viExit)
E:/devkitPro/libnx/lib\libnx.a(fs.o)
                              E:/devkitPro/libnx/lib\libnx.a(init.o) (fsInitialize)
E:/devkitPro/libnx/lib\libnx.a(buffer_producer.o)
                              E:/devkitPro/libnx/lib\libnx.a(gfx.o) (bufferProducerInitialize)
E:/devkitPro/libnx/lib\libnx.a(binder.o)
                              E:/devkitPro/libnx/lib\libnx.a(gfx.o) (binderCreateSession)
E:/devkitPro/libnx/lib\libnx.a(parcel.o)
                              E:/devkitPro/libnx/lib\libnx.a(buffer_producer.o) (parcelInitialize)
E:/devkitPro/libnx/lib\libnx.a(decode_utf8.o)
                              E:/devkitPro/libnx/lib\libnx.a(fs_dev.o) (decode_utf8)
E:/devkitPro/libnx/lib\libnx.a(readtp.o)
                              E:/devkitPro/libnx/lib\libnx.a(fs_dev.o) (__aarch64_read_tp)
E:/devkitPro/libnx/lib\libnx.a(nxlink.o)
                              E:/devkitPro/libnx/lib\libnx.a(argv.o) (nxlinkSetup)
E:/devkitPro/libnx/lib\libnx.a(tmem.o)
[...]
Memory Configuration

Name             Origin             Length             Attributes
*default*        0x0000000000000000 0xffffffffffffffff

Linker script and memory map

                0x0000000000000000                PROVIDE (__start__ = 0x0)
                0x0000000000000000                . = __start__

.crt0           0x0000000000000000      0x118
 *(.crt0)
 .crt0          0x0000000000000000      0x114 E:/devkitPro/libnx/lib\libnx.a(switch_crt0.o)
                0x0000000000000000                _start
                0x0000000000000104                __nx_exit
                0x0000000000000118                . = ALIGN (0x8)
 *fill*         0x0000000000000114        0x4 

.init           0x0000000000000118       0x38
 *(.init)
 .init          0x0000000000000118       0x18 e:/devkitpro/devkita64/bin/../lib/gcc/aarch64-none-elf/8.2.0/pic/crti.o
                0x0000000000000118                _init
 .init          0x0000000000000130       0x1c e:/devkitpro/devkita64/bin/../lib/gcc/aarch64-none-elf/8.2.0/pic/crtn.o
                0x0000000000000150                . = ALIGN (0x8)
 *fill*         0x000000000000014c        0x4 

.plt            0x0000000000000150        0x0
 *(.plt)
 .plt           0x0000000000000150        0x0 e:/devkitpro/devkita64/bin/../lib/gcc/aarch64-none-elf/8.2.0/pic/crti.o
 *(.iplt)
                0x0000000000000150                . = ALIGN (0x8)

.text           0x0000000000000180    0x25388
 *(.text.unlikely .text.*_unlikely .text.unlikely.*)
 *(.text.exit .text.exit.*)
 .text.exit     0x0000000000000180       0x38 e:/devkitpro/devkita64/bin/../lib/gcc/aarch64-none-elf/8.2.0/../../../../aarch64-none-elf/lib/pic\libg.a(lib_a-exit.o)
                0x0000000000000180                exit
 *(.text.startup .text.startup.*)
 *fill*         0x00000000000001b8        0x8 
 .text.startup.main
                0x00000000000001c0      0x29c main.o
                0x00000000000001c0                main
 *(.text.hot .text.hot.*)
 *(.text .stub .text.* .gnu.linkonce.t.*)
 *fill*         0x000000000000045c        0x4 
 .text.deregister_tm_clones
                0x0000000000000460       0x2c e:/devkitpro/devkita64/bin/../lib/gcc/aarch64-none-elf/8.2.0/pic/crtbegin.o
 *fill*         0x000000000000048c        0x4 
 .text.register_tm_clones
                0x0000000000000490       0x38 e:/devkitpro/devkita64/bin/../lib/gcc/aarch64-none-elf/8.2.0/pic/crtbegin.o
 .text.__do_global_dtors_aux
                0x00000000000004c8       0x48 e:/devkitpro/devkita64/bin/../lib/gcc/aarch64-none-elf/8.2.0/pic/crtbegin.o
 .text.frame_dummy
                0x0000000000000510       0x34 e:/devkitpro/devkita64/bin/../lib/gcc/aarch64-none-elf/8.2.0/pic/crtbegin.o
 *fill*         0x0000000000000544        0xc 
 .text.printLine
                0x0000000000000550       0x70 main.o
                0x0000000000000550                printLine
 .text.strcmpci
                0x00000000000005c0       0x98 ini.o
 *fill*         0x0000000000000658        0x8 
 .text.ini_load
                0x0000000000000660      0x38c ini.o
                0x0000000000000660                ini_load
 *fill*         0x00000000000009ec        0x4 
 .text.ini_get  0x00000000000009f0      0x134 ini.o
                0x00000000000009f0                ini_get
 *fill*         0x0000000000000b24        0xc 
 .text.consoleDrawChar
                0x0000000000000b30      0x294 E:/devkitPro/libnx/lib\libnx.a(console.o)
                0x0000000000000b30                consoleDrawChar
 *fill*         0x0000000000000dc4        0xc 
 .text.consolePrintChar
                0x0000000000000dd0      0x164 E:/devkitPro/libnx/lib\libnx.a(console.o)
                0x0000000000000dd0                consolePrintChar
 *fill*         0x0000000000000f34        0xc 
 .text.consoleClearLine
                0x0000000000000f40      0x170 E:/devkitPro/libnx/lib\libnx.a(console.o)
 .text.newRow   0x00000000000010b0      0x1c4 E:/devkitPro/libnx/lib\libnx.a(console.o)
 *fill*         0x0000000000001274        0xc 
 .text.consoleCls
                0x0000000000001280      0x18c E:/devkitPro/libnx/lib\libnx.a(console.o)
 *fill*         0x000000000000140c        0x4 
 .text.consoleInit
                0x0000000000001410       0xf8 E:/devkitPro/libnx/lib\libnx.a(console.o)
                0x0000000000001410                consoleInit
 *fill*         0x0000000000001508        0x8 
 .text.con_write
                0x0000000000001510      0x854 E:/devkitPro/libnx/lib\libnx.a(console.o)
 *fill*         0x0000000000001d64        0xc 
 .text.ipcCloseObjectById
                0x0000000000001d70       0x34 E:/devkitPro/libnx/lib\libnx.a(applet.o)
 *fill*         0x0000000000001da4        0xc 
 .text._appletGetHandle
                0x0000000000001db0      0x124 E:/devkitPro/libnx/lib\libnx.a(applet.o)
 *fill*         0x0000000000001ed4        0xc 
 .text._appletGetOperationMode.constprop.13
                0x0000000000001ee0       0xe0 E:/devkitPro/libnx/lib\libnx.a(applet.o)
 .text._appletGetCurrentFocusState.constprop.15
                0x0000000000001fc0       0xe0 E:/devkitPro/libnx/lib\libnx.a(applet.o)
 .text._appletReceiveMessage
                0x00000000000020a0       0xec E:/devkitPro/libnx/lib\libnx.a(applet.o)
 *fill*         0x000000000000218c        0x4 
 .text._appletGetPerformanceMode.constprop.14
                0x0000000000002190       0xe0 E:/devkitPro/libnx/lib\libnx.a(applet.o)
 .text._appletAcquireForegroundRights
                0x0000000000002270       0xcc E:/devkitPro/libnx/lib\libnx.a(applet.o)
 *fill*         0x000000000000233c        0x4 
 .text._appletSetOperationModeChangedNotification.constprop.16
                0x0000000000002340       0xd4 E:/devkitPro/libnx/lib\libnx.a(applet.o)
 *fill*         0x0000000000002414        0xc 
 .text._appletSetPerformanceModeChangedNotification.constprop.17
                0x0000000000002420       0xd4 E:/devkitPro/libnx/lib\libnx.a(applet.o)
 *fill*         0x00000000000024f4        0xc 
 .text._appletSetOutOfFocusSuspendingEnabled
                0x0000000000002500       0xd0 E:/devkitPro/libnx/lib\libnx.a(applet.o)
 .text._appletSetFocusHandlingMode
                0x00000000000025d0       0xd8 E:/devkitPro/libnx/lib\libnx.a(applet.o)
 *fill*         0x00000000000026a8        0x8 
 .text._appletGetAppletResourceUserId.constprop.11
                0x00000000000026b0       0xe0 E:/devkitPro/libnx/lib\libnx.a(applet.o)
 .text._appletGetSessionProxy.constprop.10
                0x0000000000002790      0x13c E:/devkitPro/libnx/lib\libnx.a(applet.o)
 *fill*         0x00000000000028cc        0x4 
 .text.appletExit
                0x00000000000028d0      0x48c E:/devkitPro/libnx/lib\libnx.a(applet.o)
                0x00000000000028d0                appletExit
 *fill*         0x0000000000002d5c        0x4 
 .text.appletHook
                0x0000000000002d60       0x28 E:/devkitPro/libnx/lib\libnx.a(applet.o)
                0x0000000000002d60                appletHook
 *fill*         0x0000000000002d88        0x8 
 .text.appletUnhook
                0x0000000000002d90       0x34 E:/devkitPro/libnx/lib\libnx.a(applet.o)
                0x0000000000002d90                appletUnhook
 *fill*         0x0000000000002dc4        0xc 
 .text.appletGetAppletResourceUserId
                0x0000000000002dd0       0x28 E:/devkitPro/libnx/lib\libnx.a(applet.o)
                0x0000000000002dd0                appletGetAppletResourceUserId
 *fill*         0x0000000000002df8        0x8 
 .text.appletNotifyRunning
                0x0000000000002e00      0x120 E:/devkitPro/libnx/lib\libnx.a(applet.o)
                0x0000000000002e00                appletNotifyRunning
 .text.appletInitialize
                0x0000000000002f20      0x4dc E:/devkitPro/libnx/lib\libnx.a(applet.o)
                0x0000000000002f20                appletInitialize
 *fill*         0x00000000000033fc        0x4 
 .text.appletCreateManagedDisplayLayer
                0x0000000000003400       0xec E:/devkitPro/libnx/lib\libnx.a(applet.o)
                0x0000000000003400                appletCreateManagedDisplayLayer
 *fill*         0x00000000000034ec        0x4 
 .text.appletGetOperationMode
                0x00000000000034f0        0xc E:/devkitPro/libnx/lib\libnx.a(applet.o)
                0x00000000000034f0                appletGetOperationMode
 *fill*         0x00000000000034fc        0x4 
 .text.appletMainLoop
                0x0000000000003500      0x144 E:/devkitPro/libnx/lib\libnx.a(applet.o)
                0x0000000000003500                appletMainLoop
 *fill*         0x0000000000003644        0xc 
 .text.ipcCloseObjectById
                0x0000000000003650       0x34 E:/devkitPro/libnx/lib\libnx.a(hid.o)
 *fill*         0x0000000000003684        0xc 
 .text._hidGetSharedMemoryHandle.constprop.8
                0x0000000000003690      0x124 E:/devkitPro/libnx/lib\libnx.a(hid.o)
 *fill*         0x00000000000037b4        0xc 
 .text._hidCreateAppletResource.constprop.7
                0x00000000000037c0      0x134 E:/devkitPro/libnx/lib\libnx.a(hid.o)
 *fill*         0x00000000000038f4        0xc 
 .text.hidReset
                0x0000000000003900      0x1b0 E:/devkitPro/libnx/lib\libnx.a(hid.o)
                0x0000000000003900                hidReset
 .text.hidGetSharedmemAddr
                0x0000000000003ab0        0xc E:/devkitPro/libnx/lib\libnx.a(hid.o)
                0x0000000000003ab0                hidGetSharedmemAddr
 *fill*         0x0000000000003abc        0x4 
 .text.hidKeysDown
                0x0000000000003ac0       0x6c E:/devkitPro/libnx/lib\libnx.a(hid.o)
                0x0000000000003ac0                hidKeysDown
 *fill*         0x0000000000003b2c        0x4 
 .text.hidTouchCount
                0x0000000000003b30        0xc E:/devkitPro/libnx/lib\libnx.a(hid.o)
                0x0000000000003b30                hidTouchCount
 *fill*         0x0000000000003b3c        0x4 
 .text.hidScanInput
                0x0000000000003b40      0x49c E:/devkitPro/libnx/lib\libnx.a(hid.o)
                0x0000000000003b40                hidScanInput
 *fill*         0x0000000000003fdc        0x4 
 .text.hidSetNpadJoyAssignmentModeDual
                0x0000000000003fe0      0x10c E:/devkitPro/libnx/lib\libnx.a(hid.o)
                0x0000000000003fe0                hidSetNpadJoyAssignmentModeDual
 *fill*         0x00000000000040ec        0x4 
 .text.hidExit  0x00000000000040f0      0x120 E:/devkitPro/libnx/lib\libnx.a(hid.o)
                0x00000000000040f0                hidExit
 .text.hidInitialize
                0x0000000000004210       0xe8 E:/devkitPro/libnx/lib\libnx.a(hid.o)
                0x0000000000004210                hidInitialize
 *fill*         0x00000000000042f8        0x8 
 .text.smAddOverrideHandle
                0x0000000000004300       0x44 E:/devkitPro/libnx/lib\libnx.a(sm.o)
                0x0000000000004300                smAddOverrideHandle
 *fill*         0x0000000000004344        0xc 
 .text.smGetServiceOverride
                0x0000000000004350       0x60 E:/devkitPro/libnx/lib\libnx.a(sm.o)
                0x0000000000004350                smGetServiceOverride
 .text.smHasInitialized
                0x00000000000043b0       0x14 E:/devkitPro/libnx/lib\libnx.a(sm.o)
                0x00000000000043b0                smHasInitialized
 *fill*         0x00000000000043c4        0xc 
 .text.smExit   0x00000000000043d0       0x48 E:/devkitPro/libnx/lib\libnx.a(sm.o)
                0x00000000000043d0                smExit
 *fill*         0x0000000000004418        0x8 
 .text.smEncodeName
                0x0000000000004420       0x38 E:/devkitPro/libnx/lib\libnx.a(sm.o)
                0x0000000000004420                smEncodeName
 *fill*         0x0000000000004458        0x8 
 .text.smGetServiceOriginal
                0x0000000000004460      0x12c E:/devkitPro/libnx/lib\libnx.a(sm.o)
                0x0000000000004460                smGetServiceOriginal
 *fill*         0x000000000000458c        0x4 
 .text.smInitialize
                0x0000000000004590      0x158 E:/devkitPro/libnx/lib\libnx.a(sm.o)
                0x0000000000004590                smInitialize
 *fill*         0x00000000000046e8        0x8 
 .text.smGetService
                0x00000000000046f0       0x74 E:/devkitPro/libnx/lib\libnx.a(sm.o)
                0x00000000000046f0                smGetService
 *fill*         0x0000000000004764        0xc 
 .text.ipcCloseObjectById
                0x0000000000004770       0x34 E:/devkitPro/libnx/lib\libnx.a(apm.o)
 *fill*         0x00000000000047a4        0xc 
 .text._apmGetSession.constprop.4
                0x00000000000047b0      0x124 E:/devkitPro/libnx/lib\libnx.a(apm.o)
 *fill*         0x00000000000048d4        0xc 
 .text.apmExit  0x00000000000048e0       0xf0 E:/devkitPro/libnx/lib\libnx.a(apm.o)
                0x00000000000048e0                apmExit
 .text.apmInitialize
                0x00000000000049d0       0x8c E:/devkitPro/libnx/lib\libnx.a(apm.o)
                0x00000000000049d0                apmInitialize
 *fill*         0x0000000000004a5c        0x4 
 .text.apmSetPerformanceConfiguration
                0x0000000000004a60       0xcc E:/devkitPro/libnx/lib\libnx.a(apm.o)
                0x0000000000004a60                apmSetPerformanceConfiguration
 *fill*         0x0000000000004b2c        0x4 
 .text.fatalWithType
                0x0000000000004b30       0xec E:/devkitPro/libnx/lib\libnx.a(fatal.o)
                0x0000000000004b30                fatalWithType
 *fill*         0x0000000000004c1c        0x4 
 .text.fatalSimple
                0x0000000000004c20       0x14 E:/devkitPro/libnx/lib\libnx.a(fatal.o)
                0x0000000000004c20                fatalSimple
 *fill*         0x0000000000004c34        0xc 
 .text._gfxDequeueBuffer.part.0
                0x0000000000004c40       0xc8 E:/devkitPro/libnx/lib\libnx.a(gfx.o)
 *fill*         0x0000000000004d08        0x8 
 .text._gfxQueueBuffer.part.1
                0x0000000000004d10       0x38 E:/devkitPro/libnx/lib\libnx.a(gfx.o)
 *fill*         0x0000000000004d48        0x8 
 .text.gfxConfigureCrop
                0x0000000000004d50       0xe8 E:/devkitPro/libnx/lib\libnx.a(gfx.o)
                0x0000000000004d50                gfxConfigureCrop
 *fill*         0x0000000000004e38        0x8 
 .text.gfxConfigureResolution
                0x0000000000004e40       0x14 E:/devkitPro/libnx/lib\libnx.a(gfx.o)
                0x0000000000004e40                gfxConfigureResolution
 *fill*         0x0000000000004e54        0xc 
 .text._gfxAutoResolutionAppletHook
                0x0000000000004e60       0x60 E:/devkitPro/libnx/lib\libnx.a(gfx.o)
 .text.gfxConfigureAutoResolution
                0x0000000000004ec0      0x11c E:/devkitPro/libnx/lib\libnx.a(gfx.o)
                0x0000000000004ec0                gfxConfigureAutoResolution
 *fill*         0x0000000000004fdc        0x4 
 .text.gfxExit  0x0000000000004fe0      0x178 E:/devkitPro/libnx/lib\libnx.a(gfx.o)
                0x0000000000004fe0                gfxExit
 *fill*         0x0000000000005158        0x8 
 .text._gfxGraphicBufferInit
                0x0000000000005160       0x54 E:/devkitPro/libnx/lib\libnx.a(gfx.o)
                0x0000000000005160                _gfxGraphicBufferInit
 *fill*         0x00000000000051b4        0xc 
 .text.gfxWaitForVsync
                0x00000000000051c0       0x80 E:/devkitPro/libnx/lib\libnx.a(gfx.o)
                0x00000000000051c0                gfxWaitForVsync
 .text.gfxInitDefault
                0x0000000000005240      0x588 E:/devkitPro/libnx/lib\libnx.a(gfx.o)
                0x0000000000005240                gfxInitDefault
 *fill*         0x00000000000057c8        0x8 
 .text.gfxSwapBuffers
                0x00000000000057d0       0x5c E:/devkitPro/libnx/lib\libnx.a(gfx.o)
                0x00000000000057d0                gfxSwapBuffers
 *fill*         0x000000000000582c        0x4 
 .text.gfxGetFramebuffer
                0x0000000000005830       0x68 E:/devkitPro/libnx/lib\libnx.a(gfx.o)
                0x0000000000005830                gfxGetFramebuffer
 *fill*         0x0000000000005898        0x8 
 .text.gfxSetMode
                0x00000000000058a0        0xc E:/devkitPro/libnx/lib\libnx.a(gfx.o)
                0x00000000000058a0                gfxSetMode
 *fill*         0x00000000000058ac        0x4 
 .text.gfxFlushBuffers
                0x00000000000058b0      0x144 E:/devkitPro/libnx/lib\libnx.a(gfx.o)
                0x00000000000058b0                gfxFlushBuffers
 *fill*         0x00000000000059f4        0xc 
 .text.nvmapobjClose
                0x0000000000005a00       0x3c E:/devkitPro/libnx/lib\libnx.a(nvgfx.o)
 *fill*         0x0000000000005a3c        0x4 
 .text.nvmapobjInitialize.part.0
                0x0000000000005a40       0x6c E:/devkitPro/libnx/lib\libnx.a(nvgfx.o)
 *fill*         0x0000000000005aac        0x4 
 .text.nvmapobjSetup.constprop.2
                0x0000000000005ab0       0x70 E:/devkitPro/libnx/lib\libnx.a(nvgfx.o)
 .text.nvgfxInitialize
                0x0000000000005b20      0xbd8 E:/devkitPro/libnx/lib\libnx.a(nvgfx.o)
                0x0000000000005b20                nvgfxInitialize
 *fill*         0x00000000000066f8        0x8 
 .text.nvgfxExit
                0x0000000000006700      0x128 E:/devkitPro/libnx/lib\libnx.a(nvgfx.o)
                0x0000000000006700                nvgfxExit
 *fill*         0x0000000000006828        0x8 
 .text.nvgfxEventWait
                0x0000000000006830       0x68 E:/devkitPro/libnx/lib\libnx.a(nvgfx.o)
                0x0000000000006830                nvgfxEventWait
 *fill*         0x0000000000006898        0x8 
 .text.nvgfxGetFramebuffer
                0x00000000000068a0       0x3c E:/devkitPro/libnx/lib\libnx.a(nvgfx.o)
                0x00000000000068a0                nvgfxGetFramebuffer
 *fill*         0x00000000000068dc        0x4 
 .text.nvioctlChannel_SetNvmapFd
                0x00000000000068e0       0x24 E:/devkitPro/libnx/lib\libnx.a(channel.o)
                0x00000000000068e0                nvioctlChannel_SetNvmapFd
 *fill*         0x0000000000006904        0xc 
 .text.nvioctlChannel_AllocObjCtx
                0x0000000000006910       0x30 E:/devkitPro/libnx/lib\libnx.a(channel.o)
                0x0000000000006910                nvioctlChannel_AllocObjCtx
 .text.nvioctlChannel_ZCullBind
                0x0000000000006940       0x28 E:/devkitPro/libnx/lib\libnx.a(channel.o)
                0x0000000000006940                nvioctlChannel_ZCullBind
 *fill*         0x0000000000006968        0x8 
 .text.nvioctlChannel_SetErrorNotifier
                0x0000000000006970       0x28 E:/devkitPro/libnx/lib\libnx.a(channel.o)
                0x0000000000006970                nvioctlChannel_SetErrorNotifier
 *fill*         0x0000000000006998        0x8 
 .text.nvioctlChannel_SetPriority
                0x00000000000069a0       0x24 E:/devkitPro/libnx/lib\libnx.a(channel.o)
                0x00000000000069a0                nvioctlChannel_SetPriority
 *fill*         0x00000000000069c4        0xc 
 .text.nvioctlChannel_AllocGpfifoEx2
                0x00000000000069d0       0x54 E:/devkitPro/libnx/lib\libnx.a(channel.o)
                0x00000000000069d0                nvioctlChannel_AllocGpfifoEx2
 *fill*         0x0000000000006a24        0xc 
 .text.nvioctlChannel_SetUserData
                0x0000000000006a30       0x24 E:/devkitPro/libnx/lib\libnx.a(channel.o)
                0x0000000000006a30                nvioctlChannel_SetUserData
 *fill*         0x0000000000006a54        0xc 
 .text.nvioctlNvhostCtrl_EventWait
                0x0000000000006a60       0x40 E:/devkitPro/libnx/lib\libnx.a(nvhost-ctrl.o)
                0x0000000000006a60                nvioctlNvhostCtrl_EventWait
 .text.nvioctlNvhostCtrlGpu_ZCullGetCtxSize
                0x0000000000006aa0       0x3c E:/devkitPro/libnx/lib\libnx.a(nvhost-ctrl-gpu.o)
                0x0000000000006aa0                nvioctlNvhostCtrlGpu_ZCullGetCtxSize
 *fill*         0x0000000000006adc        0x4 
 .text.nvioctlNvhostCtrlGpu_ZCullGetInfo
                0x0000000000006ae0       0x60 E:/devkitPro/libnx/lib\libnx.a(nvhost-ctrl-gpu.o)
                0x0000000000006ae0                nvioctlNvhostCtrlGpu_ZCullGetInfo
 .text.nvioctlNvhostCtrlGpu_GetCharacteristics
                0x0000000000006b40       0x9c E:/devkitPro/libnx/lib\libnx.a(nvhost-ctrl-gpu.o)
                0x0000000000006b40                nvioctlNvhostCtrlGpu_GetCharacteristics
 *fill*         0x0000000000006bdc        0x4 
 .text.nvioctlNvhostCtrlGpu_GetTpcMasks
                0x0000000000006be0       0x5c E:/devkitPro/libnx/lib\libnx.a(nvhost-ctrl-gpu.o)
                0x0000000000006be0                nvioctlNvhostCtrlGpu_GetTpcMasks
 *fill*         0x0000000000006c3c        0x4 
 .text.nvioctlNvhostCtrlGpu_GetL2State
                0x0000000000006c40       0x3c E:/devkitPro/libnx/lib\libnx.a(nvhost-ctrl-gpu.o)
                0x0000000000006c40                nvioctlNvhostCtrlGpu_GetL2State
 *fill*         0x0000000000006c7c        0x4 
 .text.nvioctlNvhostAsGpu_BindChannel
                0x0000000000006c80       0x24 E:/devkitPro/libnx/lib\libnx.a(nvhost-as-gpu.o)
                0x0000000000006c80                nvioctlNvhostAsGpu_BindChannel
 *fill*         0x0000000000006ca4        0xc 
 .text.nvioctlNvhostAsGpu_AllocSpace
                0x0000000000006cb0       0x44 E:/devkitPro/libnx/lib\libnx.a(nvhost-as-gpu.o)
                0x0000000000006cb0                nvioctlNvhostAsGpu_AllocSpace
 *fill*         0x0000000000006cf4        0xc 
 .text.nvioctlNvhostAsGpu_MapBufferEx
                0x0000000000006d00       0x50 E:/devkitPro/libnx/lib\libnx.a(nvhost-as-gpu.o)
                0x0000000000006d00                nvioctlNvhostAsGpu_MapBufferEx
 .text.nvioctlNvhostAsGpu_GetVARegions
                0x0000000000006d50       0x70 E:/devkitPro/libnx/lib\libnx.a(nvhost-as-gpu.o)
                0x0000000000006d50                nvioctlNvhostAsGpu_GetVARegions
 .text.nvioctlNvhostAsGpu_InitializeEx
                0x0000000000006dc0       0x3c E:/devkitPro/libnx/lib\libnx.a(nvhost-as-gpu.o)
                0x0000000000006dc0                nvioctlNvhostAsGpu_InitializeEx
 *fill*         0x0000000000006dfc        0x4 
 .text.nvioctlNvmap_Create
                0x0000000000006e00       0x3c E:/devkitPro/libnx/lib\libnx.a(nvmap.o)
                0x0000000000006e00                nvioctlNvmap_Create
 *fill*         0x0000000000006e3c        0x4 
 .text.nvioctlNvmap_FromId
                0x0000000000006e40       0x3c E:/devkitPro/libnx/lib\libnx.a(nvmap.o)
                0x0000000000006e40                nvioctlNvmap_FromId
 *fill*         0x0000000000006e7c        0x4 
 .text.nvioctlNvmap_Alloc
                0x0000000000006e80       0x30 E:/devkitPro/libnx/lib\libnx.a(nvmap.o)
                0x0000000000006e80                nvioctlNvmap_Alloc
 .text.nvioctlNvmap_GetId
                0x0000000000006eb0       0x3c E:/devkitPro/libnx/lib\libnx.a(nvmap.o)
                0x0000000000006eb0                nvioctlNvmap_GetId
 .text.armDCacheFlush
                0x0000000000006eec       0x3c E:/devkitPro/libnx/lib\libnx.a(cache.o)
                0x0000000000006eec                armDCacheFlush
 .text.svcSetHeapSize
                0x0000000000006f28       0x14 E:/devkitPro/libnx/lib\libnx.a(svc.o)
                0x0000000000006f28                svcSetHeapSize
 .text.svcUnmapMemory
                0x0000000000006f3c        0x8 E:/devkitPro/libnx/lib\libnx.a(svc.o)
                0x0000000000006f3c                svcUnmapMemory
 .text.svcQueryMemory
                0x0000000000006f44       0x14 E:/devkitPro/libnx/lib\libnx.a(svc.o)
                0x0000000000006f44                svcQueryMemory
 .text.svcExitProcess
                0x0000000000006f58        0x8 E:/devkitPro/libnx/lib\libnx.a(svc.o)
                0x0000000000006f58                svcExitProcess
 .text.svcSleepThread
                0x0000000000006f60        0x8 E:/devkitPro/libnx/lib\libnx.a(svc.o)
                0x0000000000006f60                svcSleepThread
 .text.svcMapSharedMemory
                0x0000000000006f68        0x8 E:/devkitPro/libnx/lib\libnx.a(svc.o)
                0x0000000000006f68                svcMapSharedMemory
 .text.svcUnmapSharedMemory
                0x0000000000006f70        0x8 E:/devkitPro/libnx/lib\libnx.a(svc.o)
                0x0000000000006f70                svcUnmapSharedMemory
 .text.svcCreateTransferMemory
                0x0000000000006f78       0x14 E:/devkitPro/libnx/lib\libnx.a(svc.o)
                0x0000000000006f78                svcCreateTransferMemory
 .text.svcCloseHandle
                0x0000000000006f8c        0x8 E:/devkitPro/libnx/lib\libnx.a(svc.o)
                0x0000000000006f8c                svcCloseHandle
 .text.svcResetSignal
                0x0000000000006f94        0x8 E:/devkitPro/libnx/lib\libnx.a(svc.o)
                0x0000000000006f94                svcResetSignal
 .text.svcWaitSynchronization
                0x0000000000006f9c       0x14 E:/devkitPro/libnx/lib\libnx.a(svc.o)
                0x0000000000006f9c                svcWaitSynchronization
 .text.svcArbitrateLock
                0x0000000000006fb0        0x8 E:/devkitPro/libnx/lib\libnx.a(svc.o)
                0x0000000000006fb0                svcArbitrateLock
 .text.svcArbitrateUnlock
                0x0000000000006fb8        0x8 E:/devkitPro/libnx/lib\libnx.a(svc.o)
                0x0000000000006fb8                svcArbitrateUnlock
 .text.svcGetSystemTick
                0x0000000000006fc0        0x8 E:/devkitPro/libnx/lib\libnx.a(svc.o)
                0x0000000000006fc0                svcGetSystemTick
 .text.svcConnectToNamedPort
                0x0000000000006fc8       0x14 E:/devkitPro/libnx/lib\libnx.a(svc.o)
                0x0000000000006fc8                svcConnectToNamedPort
 .text.svcSendSyncRequest
                0x0000000000006fdc        0x8 E:/devkitPro/libnx/lib\libnx.a(svc.o)
                0x0000000000006fdc                svcSendSyncRequest
 .text.svcBreak
                0x0000000000006fe4        0x8 E:/devkitPro/libnx/lib\libnx.a(svc.o)
                0x0000000000006fe4                svcBreak
 .text.svcGetInfo
                0x0000000000006fec       0x14 E:/devkitPro/libnx/lib\libnx.a(svc.o)
                0x0000000000006fec                svcGetInfo
 .text.svcUnmapTransferMemory
                0x0000000000007000        0x8 E:/devkitPro/libnx/lib\libnx.a(svc.o)
                0x0000000000007000                svcUnmapTransferMemory
 *fill*         0x0000000000007008        0x8 
 .text.__nx_dynamic
                0x0000000000007010       0xa0 E:/devkitPro/libnx/lib\libnx.a(dynamic.o)
                0x0000000000007010                __nx_dynamic
 .text.__libnx_initheap
                0x00000000000070b0       0xd8 E:/devkitPro/libnx/lib\libnx.a(init.o)
                0x00000000000070b0                __libnx_initheap
 *fill*         0x0000000000007188        0x8 
 .text.__appInit
                0x0000000000007190       0x90 E:/devkitPro/libnx/lib\libnx.a(init.o)
                0x0000000000007190                __appInit
 .text.__appExit
                0x0000000000007220       0x34 E:/devkitPro/libnx/lib\libnx.a(init.o)
                0x0000000000007220                __appExit
 *fill*         0x0000000000007254        0xc 
 .text.__libnx_init
                0x0000000000007260       0x28 E:/devkitPro/libnx/lib\libnx.a(init.o)
                0x0000000000007260                __libnx_init
 *fill*         0x0000000000007288        0x8 
 .text.__libnx_exit
                0x0000000000007290       0x20 E:/devkitPro/libnx/lib\libnx.a(init.o)
                0x0000000000007290                __libnx_exit
 .text.envSetup
                0x00000000000072b0      0x1b0 E:/devkitPro/libnx/lib\libnx.a(env.o)
                0x00000000000072b0                envSetup
 .text.envGetMainThreadHandle
                0x0000000000007460       0x20 E:/devkitPro/libnx/lib\libnx.a(env.o)
                0x0000000000007460                envGetMainThreadHandle
 .text.envIsNso
                0x0000000000007480        0xc E:/devkitPro/libnx/lib\libnx.a(env.o)
                0x0000000000007480                envIsNso
 *fill*         0x000000000000748c        0x4 
 .text.envHasHeapOverride
                0x0000000000007490       0x14 E:/devkitPro/libnx/lib\libnx.a(env.o)
                0x0000000000007490                envHasHeapOverride
 *fill*         0x00000000000074a4        0xc 
 .text.envGetHeapOverrideAddr
                0x00000000000074b0        0xc E:/devkitPro/libnx/lib\libnx.a(env.o)
                0x00000000000074b0                envGetHeapOverrideAddr
 *fill*         0x00000000000074bc        0x4 
 .text.envGetHeapOverrideSize
                0x00000000000074c0        0xc E:/devkitPro/libnx/lib\libnx.a(env.o)
                0x00000000000074c0                envGetHeapOverrideSize
 *fill*         0x00000000000074cc        0x4 
 .text.envHasArgv
                0x00000000000074d0       0x14 E:/devkitPro/libnx/lib\libnx.a(env.o)
                0x00000000000074d0                envHasArgv
 *fill*         0x00000000000074e4        0xc 
 .text.envGetArgv
                0x00000000000074f0        0xc E:/devkitPro/libnx/lib\libnx.a(env.o)
                0x00000000000074f0                envGetArgv
 *fill*         0x00000000000074fc        0x4 
 .text.envGetExitFuncPtr
                0x0000000000007500        0xc E:/devkitPro/libnx/lib\libnx.a(env.o)
                0x0000000000007500                envGetExitFuncPtr
 *fill*         0x000000000000750c        0x4 
 .text.mutexInit
                0x0000000000007510        0x8 E:/devkitPro/libnx/lib\libnx.a(newlib.o)
 *fill*         0x0000000000007518        0x8 
 .text.rmutexInit
                0x0000000000007520        0xc E:/devkitPro/libnx/lib\libnx.a(newlib.o)
 *fill*         0x000000000000752c        0x4 
 .text.__libnx_gtod
                0x0000000000007530       0xb8 E:/devkitPro/libnx/lib\libnx.a(newlib.o)
                0x0000000000007530                __libnx_gtod
 *fill*         0x00000000000075e8        0x8 
 .text.__libnx_clock_settime
                0x00000000000075f0       0x20 E:/devkitPro/libnx/lib\libnx.a(newlib.o)
                0x00000000000075f0                __libnx_clock_settime
 .text.__libnx_nanosleep
                0x0000000000007610       0x28 E:/devkitPro/libnx/lib\libnx.a(newlib.o)
                0x0000000000007610                __libnx_nanosleep
 *fill*         0x0000000000007638        0x8 
 .text.__libnx_get_reent
                0x0000000000007640       0x34 E:/devkitPro/libnx/lib\libnx.a(newlib.o)
 *fill*         0x0000000000007674        0xc 
 .text.__libnx_clock_getres
                0x0000000000007680       0x58 E:/devkitPro/libnx/lib\libnx.a(newlib.o)
                0x0000000000007680                __libnx_clock_getres
 *fill*         0x00000000000076d8        0x8 
 .text.__libnx_clock_gettime
                0x00000000000076e0       0xe0 E:/devkitPro/libnx/lib\libnx.a(newlib.o)
                0x00000000000076e0                __libnx_clock_gettime
 .text.__libnx_init_time
                0x00000000000077c0       0x54 E:/devkitPro/libnx/lib\libnx.a(newlib.o)
                0x00000000000077c0                __libnx_init_time
 *fill*         0x0000000000007814        0xc 
 .text.newlibSetup
                0x0000000000007820      0x118 E:/devkitPro/libnx/lib\libnx.a(newlib.o)
                0x0000000000007820                newlibSetup
 *fill*         0x0000000000007938        0x8 
 .text.argvSetup
                0x0000000000007940      0x368 E:/devkitPro/libnx/lib\libnx.a(argv.o)
                0x0000000000007940                argvSetup
 *fill*         0x0000000000007ca8        0x8 
 .text._CacheValues
                0x0000000000007cb0      0x150 E:/devkitPro/libnx/lib\libnx.a(detect.o)
 .text.kernelAbove200
                0x0000000000007e00       0x1c E:/devkitPro/libnx/lib\libnx.a(detect.o)
                0x0000000000007e00                kernelAbove200
 *fill*         0x0000000000007e1c        0x4 
 .text.kernelAbove300
                0x0000000000007e20       0x1c E:/devkitPro/libnx/lib\libnx.a(detect.o)
                0x0000000000007e20                kernelAbove300
 *fill*         0x0000000000007e3c        0x4 
 .text.detectDebugger
                0x0000000000007e40       0x30 E:/devkitPro/libnx/lib\libnx.a(detect.o)
                0x0000000000007e40                detectDebugger
 .text.shmemLoadRemote
                0x0000000000007e70       0x14 E:/devkitPro/libnx/lib\libnx.a(shmem.o)
                0x0000000000007e70                shmemLoadRemote
 *fill*         0x0000000000007e84        0xc 
 .text.shmemMap
                0x0000000000007e90       0x84 E:/devkitPro/libnx/lib\libnx.a(shmem.o)
                0x0000000000007e90                shmemMap
 *fill*         0x0000000000007f14        0xc 
 .text.shmemUnmap
                0x0000000000007f20       0x58 E:/devkitPro/libnx/lib\libnx.a(shmem.o)
                0x0000000000007f20                shmemUnmap
 *fill*         0x0000000000007f78        0x8 
 .text.shmemClose
                0x0000000000007f80       0x44 E:/devkitPro/libnx/lib\libnx.a(shmem.o)
                0x0000000000007f80                shmemClose
 *fill*         0x0000000000007fc4        0xc 
 .text.rwlockReadLock
                0x0000000000007fd0       0x4c E:/devkitPro/libnx/lib\libnx.a(rwlock.o)
                0x0000000000007fd0                rwlockReadLock
 *fill*         0x000000000000801c        0x4 
 .text.rwlockReadUnlock
                0x0000000000008020       0x4c E:/devkitPro/libnx/lib\libnx.a(rwlock.o)
                0x0000000000008020                rwlockReadUnlock
 *fill*         0x000000000000806c        0x4 
 .text.rwlockWriteLock
                0x0000000000008070        0x8 E:/devkitPro/libnx/lib\libnx.a(rwlock.o)
                0x0000000000008070                rwlockWriteLock
 *fill*         0x0000000000008078        0x8 
 .text.rwlockWriteUnlock
                0x0000000000008080        0x8 E:/devkitPro/libnx/lib\libnx.a(rwlock.o)
                0x0000000000008080                rwlockWriteUnlock
 *fill*         0x0000000000008088        0x8 
 .text.mutexLock
                0x0000000000008090       0x8c E:/devkitPro/libnx/lib\libnx.a(mutex.o)
                0x0000000000008090                mutexLock
 *fill*         0x000000000000811c        0x4 
 .text.mutexUnlock
                0x0000000000008120       0x30 E:/devkitPro/libnx/lib\libnx.a(mutex.o)
                0x0000000000008120                mutexUnlock
 .text.rmutexLock
                0x0000000000008150       0x4c E:/devkitPro/libnx/lib\libnx.a(mutex.o)
                0x0000000000008150                rmutexLock
 *fill*         0x000000000000819c        0x4 
 .text.rmutexUnlock
                0x00000000000081a0       0x1c E:/devkitPro/libnx/lib\libnx.a(mutex.o)
                0x00000000000081a0                rmutexUnlock
 *fill*         0x00000000000081bc        0x4 
 .text._GetRegionFromInfo.isra.1
                0x00000000000081c0       0x7c E:/devkitPro/libnx/lib\libnx.a(virtmem.o)
 *fill*         0x000000000000823c        0x4 
 .text.virtmemSetup
                0x0000000000008240       0xe4 E:/devkitPro/libnx/lib\libnx.a(virtmem.o)
                0x0000000000008240                virtmemSetup
 *fill*         0x0000000000008324        0xc 
 .text.virtmemReserve
                0x0000000000008330      0x13c E:/devkitPro/libnx/lib\libnx.a(virtmem.o)
                0x0000000000008330                virtmemReserve
 *fill*         0x000000000000846c        0x4 
 .text.virtmemFree
                0x0000000000008470        0x4 E:/devkitPro/libnx/lib\libnx.a(virtmem.o)
                0x0000000000008470                virtmemFree
 *fill*         0x0000000000008474        0xc 
 .text.fsdev_link
                0x0000000000008480       0x10 E:/devkitPro/libnx/lib\libnx.a(fs_dev.o)
 .text.fsdev_dirreset
                0x0000000000008490       0x10 E:/devkitPro/libnx/lib\libnx.a(fs_dev.o)
 .text.fsdev_chmod
                0x00000000000084a0       0x10 E:/devkitPro/libnx/lib\libnx.a(fs_dev.o)
 .text.error_cmp
                0x00000000000084b0       0x1c E:/devkitPro/libnx/lib\libnx.a(fs_dev.o)
 *fill*         0x00000000000084cc        0x4 
 .text.fsdev_translate_error
                0x00000000000084d0       0x58 E:/devkitPro/libnx/lib\libnx.a(fs_dev.o)
 *fill*         0x0000000000008528        0x8 
 .text.fsdev_fsync
                0x0000000000008530       0x40 E:/devkitPro/libnx/lib\libnx.a(fs_dev.o)
 .text.fsdev_ftruncate
                0x0000000000008570       0x60 E:/devkitPro/libnx/lib\libnx.a(fs_dev.o)
 .text.fsdev_dirclose
                0x00000000000085d0       0x20 E:/devkitPro/libnx/lib\libnx.a(fs_dev.o)
 .text.fsdev_dirnext
                0x00000000000085f0      0x16c E:/devkitPro/libnx/lib\libnx.a(fs_dev.o)
 *fill*         0x000000000000875c        0x4 
 .text.fsdev_close
                0x0000000000008760       0x1c E:/devkitPro/libnx/lib\libnx.a(fs_dev.o)
 *fill*         0x000000000000877c        0x4 
 .text.fsdev_fstat
                0x0000000000008780       0x80 E:/devkitPro/libnx/lib\libnx.a(fs_dev.o)
 .text.fsdev_seek
                0x0000000000008800       0xb0 E:/devkitPro/libnx/lib\libnx.a(fs_dev.o)
 .text.fsdev_read
                0x00000000000088b0      0x198 E:/devkitPro/libnx/lib\libnx.a(fs_dev.o)
 *fill*         0x0000000000008a48        0x8 
 .text.fsdev_write
                0x0000000000008a50      0x1a0 E:/devkitPro/libnx/lib\libnx.a(fs_dev.o)
 .text.fsdevFindDevice
                0x0000000000008bf0      0x120 E:/devkitPro/libnx/lib\libnx.a(fs_dev.o)
 .text._fsdevMountDevice
                0x0000000000008d10      0x168 E:/devkitPro/libnx/lib\libnx.a(fs_dev.o)
 *fill*         0x0000000000008e78        0x8 
 .text.fsdev_getfspath
                0x0000000000008e80      0x1fc E:/devkitPro/libnx/lib\libnx.a(fs_dev.o)
 *fill*         0x000000000000907c        0x4 
 .text.fsdev_rmdir
                0x0000000000009080       0x70 E:/devkitPro/libnx/lib\libnx.a(fs_dev.o)
 .text.fsdev_statvfs
                0x00000000000090f0       0xd4 E:/devkitPro/libnx/lib\libnx.a(fs_dev.o)
 *fill*         0x00000000000091c4        0xc 
 .text.fsdev_diropen
                0x00000000000091d0       0xec E:/devkitPro/libnx/lib\libnx.a(fs_dev.o)
 *fill*         0x00000000000092bc        0x4 
 .text.fsdev_mkdir
                0x00000000000092c0       0x70 E:/devkitPro/libnx/lib\libnx.a(fs_dev.o)
 .text.fsdev_rename
                0x0000000000009330      0x114 E:/devkitPro/libnx/lib\libnx.a(fs_dev.o)
 *fill*         0x0000000000009444        0xc 
 .text.fsdev_chdir
                0x0000000000009450       0xe8 E:/devkitPro/libnx/lib\libnx.a(fs_dev.o)
 *fill*         0x0000000000009538        0x8 
 .text.fsdev_unlink
                0x0000000000009540       0x70 E:/devkitPro/libnx/lib\libnx.a(fs_dev.o)
 .text.fsdev_stat
                0x00000000000095b0      0x168 E:/devkitPro/libnx/lib\libnx.a(fs_dev.o)
 *fill*         0x0000000000009718        0x8 
 .text.fsdev_open
                0x0000000000009720      0x180 E:/devkitPro/libnx/lib\libnx.a(fs_dev.o)
 .text._fsdevUnmountDeviceStruct.part.4
                0x00000000000098a0       0xb8 E:/devkitPro/libnx/lib\libnx.a(fs_dev.o)
 *fill*         0x0000000000009958        0x8 
 .text.fsdev_fchmod
                0x0000000000009960       0x10 E:/devkitPro/libnx/lib\libnx.a(fs_dev.o)
 .text.fsdevMountSdmc
                0x0000000000009970      0x158 E:/devkitPro/libnx/lib\libnx.a(fs_dev.o)
                0x0000000000009970                fsdevMountSdmc
 *fill*         0x0000000000009ac8        0x8 
 .text.fsdevUnmountAll
                0x0000000000009ad0       0x64 E:/devkitPro/libnx/lib\libnx.a(fs_dev.o)
                0x0000000000009ad0                fsdevUnmountAll
 *fill*         0x0000000000009b34        0xc 
 .text.ipcCloseObjectById
                0x0000000000009b40       0x34 E:/devkitPro/libnx/lib\libnx.a(nv.o)
 *fill*         0x0000000000009b74        0xc 
 .text.ipcQueryPointerBufferSize.constprop.6
                0x0000000000009b80       0xc8 E:/devkitPro/libnx/lib\libnx.a(nv.o)
 *fill*         0x0000000000009c48        0x8 
 .text._nvSetClientPID
                0x0000000000009c50       0xd8 E:/devkitPro/libnx/lib\libnx.a(nv.o)
 *fill*         0x0000000000009d28        0x8 
 .text._nvInitialize.constprop.5
                0x0000000000009d30       0xf0 E:/devkitPro/libnx/lib\libnx.a(nv.o)
 .text.nvExit   0x0000000000009e20       0xa8 E:/devkitPro/libnx/lib\libnx.a(nv.o)
                0x0000000000009e20                nvExit
 *fill*         0x0000000000009ec8        0x8 
 .text.nvInitialize
                0x0000000000009ed0      0x1a4 E:/devkitPro/libnx/lib\libnx.a(nv.o)
                0x0000000000009ed0                nvInitialize
 *fill*         0x000000000000a074        0xc 
 .text.nvConvertError
                0x000000000000a080      0x12c E:/devkitPro/libnx/lib\libnx.a(nv.o)
                0x000000000000a080                nvConvertError
 *fill*         0x000000000000a1ac        0x4 
 .text.nvOpen   0x000000000000a1b0      0x12c E:/devkitPro/libnx/lib\libnx.a(nv.o)
                0x000000000000a1b0                nvOpen
 *fill*         0x000000000000a2dc        0x4 
 .text.nvIoctl  0x000000000000a2e0      0x218 E:/devkitPro/libnx/lib\libnx.a(nv.o)
                0x000000000000a2e0                nvIoctl
 *fill*         0x000000000000a4f8        0x8 
 .text.nvClose  0x000000000000a500       0xdc E:/devkitPro/libnx/lib\libnx.a(nv.o)
                0x000000000000a500                nvClose
 *fill*         0x000000000000a5dc        0x4 
 .text.nvQueryEvent
                0x000000000000a5e0      0x13c E:/devkitPro/libnx/lib\libnx.a(nv.o)
                0x000000000000a5e0                nvQueryEvent
 *fill*         0x000000000000a71c        0x4 
 .text.ipcCloseObjectById
                0x000000000000a720       0x34 E:/devkitPro/libnx/lib\libnx.a(time.o)
 *fill*         0x000000000000a754        0xc 
 .text._timeGetSession
                0x000000000000a760      0x12c E:/devkitPro/libnx/lib\libnx.a(time.o)
 *fill*         0x000000000000a88c        0x4 
 .text.timeExit
                0x000000000000a890      0x1ec E:/devkitPro/libnx/lib\libnx.a(time.o)
                0x000000000000a890                timeExit
 *fill*         0x000000000000aa7c        0x4 
 .text.timeInitialize
                0x000000000000aa80       0xd8 E:/devkitPro/libnx/lib\libnx.a(time.o)
                0x000000000000aa80                timeInitialize
 *fill*         0x000000000000ab58        0x8 
 .text.timeGetCurrentTime
                0x000000000000ab60      0x124 E:/devkitPro/libnx/lib\libnx.a(time.o)
                0x000000000000ab60                timeGetCurrentTime
 *fill*         0x000000000000ac84        0xc 
 .text.ipcCloseObjectById
                0x000000000000ac90       0x34 E:/devkitPro/libnx/lib\libnx.a(vi.o)
 *fill*         0x000000000000acc4        0xc 
 .text._viCreatestray_layer.isra.4
                0x000000000000acd0      0x130 E:/devkitPro/libnx/lib\libnx.a(vi.o)
 .text._viGetSession.constprop.6
                0x000000000000ae00      0x134 E:/devkitPro/libnx/lib\libnx.a(vi.o)
 *fill*         0x000000000000af34        0xc 
 .text._viOpenLayer
                0x000000000000af40      0x140 E:/devkitPro/libnx/lib\libnx.a(vi.o)
 .text.viExit   0x000000000000b080      0x1d8 E:/devkitPro/libnx/lib\libnx.a(vi.o)
                0x000000000000b080                viExit
 *fill*         0x000000000000b258        0x8 
 .text.viInitialize
                0x000000000000b260      0x26c E:/devkitPro/libnx/lib\libnx.a(vi.o)
                0x000000000000b260                viInitialize
 *fill*         0x000000000000b4cc        0x4 
 .text.viGetSession_IHOSBinderDriverRelay
                0x000000000000b4d0        0xc E:/devkitPro/libnx/lib\libnx.a(vi.o)
                0x000000000000b4d0                viGetSession_IHOSBinderDriverRelay
 *fill*         0x000000000000b4dc        0x4 
 .text.viOpenDisplay
                0x000000000000b4e0      0x140 E:/devkitPro/libnx/lib\libnx.a(vi.o)
                0x000000000000b4e0                viOpenDisplay
 .text.viCloseDisplay
                0x000000000000b620       0xf0 E:/devkitPro/libnx/lib\libnx.a(vi.o)
                0x000000000000b620                viCloseDisplay
 .text.viOpenLayer
                0x000000000000b710       0xd0 E:/devkitPro/libnx/lib\libnx.a(vi.o)
                0x000000000000b710                viOpenLayer
 .text.viCloseLayer
                0x000000000000b7e0      0x100 E:/devkitPro/libnx/lib\libnx.a(vi.o)
                0x000000000000b7e0                viCloseLayer
 .text.viSetLayerScalingMode
                0x000000000000b8e0       0xe8 E:/devkitPro/libnx/lib\libnx.a(vi.o)
                0x000000000000b8e0                viSetLayerScalingMode
 *fill*         0x000000000000b9c8        0x8 
 .text.viGetDisplayVsyncEvent
                0x000000000000b9d0      0x12c E:/devkitPro/libnx/lib\libnx.a(vi.o)
                0x000000000000b9d0                viGetDisplayVsyncEvent
 *fill*         0x000000000000bafc        0x4 
 .text.ipcCloseObjectById
                0x000000000000bb00       0x34 E:/devkitPro/libnx/lib\libnx.a(fs.o)
 *fill*         0x000000000000bb34        0xc 
 .text.fsInitialize
                0x000000000000bb40      0x124 E:/devkitPro/libnx/lib\libnx.a(fs.o)
                0x000000000000bb40                fsInitialize
 *fill*         0x000000000000bc64        0xc 
 .text.fsExit   0x000000000000bc70       0x9c E:/devkitPro/libnx/lib\libnx.a(fs.o)
                0x000000000000bc70                fsExit
 *fill*         0x000000000000bd0c        0x4 
 .text.fsMountSdcard
                0x000000000000bd10      0x134 E:/devkitPro/libnx/lib\libnx.a(fs.o)
                0x000000000000bd10                fsMountSdcard
 *fill*         0x000000000000be44        0xc 
 .text.fsFsCreateFile
                0x000000000000be50       0xf4 E:/devkitPro/libnx/lib\libnx.a(fs.o)
                0x000000000000be50                fsFsCreateFile
 *fill*         0x000000000000bf44        0xc 
 .text.fsFsDeleteFile
                0x000000000000bf50       0xf0 E:/devkitPro/libnx/lib\libnx.a(fs.o)
                0x000000000000bf50                fsFsDeleteFile
 .text.fsFsCreateDirectory
                0x000000000000c040       0xf0 E:/devkitPro/libnx/lib\libnx.a(fs.o)
                0x000000000000c040                fsFsCreateDirectory
 .text.fsFsDeleteDirectory
                0x000000000000c130       0xf0 E:/devkitPro/libnx/lib\libnx.a(fs.o)
                0x000000000000c130                fsFsDeleteDirectory
 .text.fsFsRenameFile
                0x000000000000c220      0x11c E:/devkitPro/libnx/lib\libnx.a(fs.o)
                0x000000000000c220                fsFsRenameFile
 *fill*         0x000000000000c33c        0x4 
 .text.fsFsRenameDirectory
                0x000000000000c340      0x11c E:/devkitPro/libnx/lib\libnx.a(fs.o)
                0x000000000000c340                fsFsRenameDirectory
 *fill*         0x000000000000c45c        0x4 
 .text.fsFsGetEntryType
                0x000000000000c460      0x104 E:/devkitPro/libnx/lib\libnx.a(fs.o)
                0x000000000000c460                fsFsGetEntryType
 *fill*         0x000000000000c564        0xc 
 .text.fsFsOpenFile
                0x000000000000c570      0x154 E:/devkitPro/libnx/lib\libnx.a(fs.o)
                0x000000000000c570                fsFsOpenFile
 *fill*         0x000000000000c6c4        0xc 
 .text.fsFsOpenDirectory
                0x000000000000c6d0      0x14c E:/devkitPro/libnx/lib\libnx.a(fs.o)
                0x000000000000c6d0                fsFsOpenDirectory
 *fill*         0x000000000000c81c        0x4 
 .text.fsFsGetFreeSpace
                0x000000000000c820      0x104 E:/devkitPro/libnx/lib\libnx.a(fs.o)
                0x000000000000c820                fsFsGetFreeSpace
 *fill*         0x000000000000c924        0xc 
 .text.fsFsGetTotalSpace
                0x000000000000c930      0x104 E:/devkitPro/libnx/lib\libnx.a(fs.o)
                0x000000000000c930                fsFsGetTotalSpace
 *fill*         0x000000000000ca34        0xc 
 .text.fsFsClose
                0x000000000000ca40       0x6c E:/devkitPro/libnx/lib\libnx.a(fs.o)
                0x000000000000ca40                fsFsClose
 *fill*         0x000000000000caac        0x4 
 .text.fsFileRead
                0x000000000000cab0      0x108 E:/devkitPro/libnx/lib\libnx.a(fs.o)
                0x000000000000cab0                fsFileRead
 *fill*         0x000000000000cbb8        0x8 
 .text.fsFileWrite
                0x000000000000cbc0       0xf8 E:/devkitPro/libnx/lib\libnx.a(fs.o)
                0x000000000000cbc0                fsFileWrite
 *fill*         0x000000000000ccb8        0x8 
 .text.fsFileFlush
                0x000000000000ccc0       0xc8 E:/devkitPro/libnx/lib\libnx.a(fs.o)
                0x000000000000ccc0                fsFileFlush
 *fill*         0x000000000000cd88        0x8 
 .text.fsFileSetSize
                0x000000000000cd90       0xc8 E:/devkitPro/libnx/lib\libnx.a(fs.o)
                0x000000000000cd90                fsFileSetSize
 *fill*         0x000000000000ce58        0x8 
 .text.fsFileGetSize
                0x000000000000ce60       0xec E:/devkitPro/libnx/lib\libnx.a(fs.o)
                0x000000000000ce60                fsFileGetSize
 *fill*         0x000000000000cf4c        0x4 
 .text.fsFileClose
                0x000000000000cf50       0x6c E:/devkitPro/libnx/lib\libnx.a(fs.o)
                0x000000000000cf50                fsFileClose
 *fill*         0x000000000000cfbc        0x4 
 .text.fsDirClose
                0x000000000000cfc0       0x6c E:/devkitPro/libnx/lib\libnx.a(fs.o)
                0x000000000000cfc0                fsDirClose
 *fill*         0x000000000000d02c        0x4 
 .text.fsDirRead
                0x000000000000d030      0x110 E:/devkitPro/libnx/lib\libnx.a(fs.o)
                0x000000000000d030                fsDirRead
 .text.bufferProducerInitialize
                0x000000000000d140       0x10 E:/devkitPro/libnx/lib\libnx.a(buffer_producer.o)
                0x000000000000d140                bufferProducerInitialize
 .text.bufferProducerExit
                0x000000000000d150        0xc E:/devkitPro/libnx/lib\libnx.a(buffer_producer.o)
                0x000000000000d150                bufferProducerExit
 *fill*         0x000000000000d15c        0x4 
 .text.bufferProducerRequestBuffer
                0x000000000000d160      0x11c E:/devkitPro/libnx/lib\libnx.a(buffer_producer.o)
                0x000000000000d160                bufferProducerRequestBuffer
 *fill*         0x000000000000d27c        0x4 
 .text.bufferProducerDequeueBuffer
                0x000000000000d280      0x198 E:/devkitPro/libnx/lib\libnx.a(buffer_producer.o)
                0x000000000000d280                bufferProducerDequeueBuffer
 *fill*         0x000000000000d418        0x8 
 .text.bufferProducerDetachBuffer
                0x000000000000d420       0x94 E:/devkitPro/libnx/lib\libnx.a(buffer_producer.o)
                0x000000000000d420                bufferProducerDetachBuffer
 *fill*         0x000000000000d4b4        0xc 
 .text.bufferProducerQueueBuffer
                0x000000000000d4c0      0x108 E:/devkitPro/libnx/lib\libnx.a(buffer_producer.o)
                0x000000000000d4c0                bufferProducerQueueBuffer
 *fill*         0x000000000000d5c8        0x8 
 .text.bufferProducerQuery
                0x000000000000d5d0       0xdc E:/devkitPro/libnx/lib\libnx.a(buffer_producer.o)
                0x000000000000d5d0                bufferProducerQuery
 *fill*         0x000000000000d6ac        0x4 
 .text.bufferProducerConnect
                0x000000000000d6b0      0x110 E:/devkitPro/libnx/lib\libnx.a(buffer_producer.o)
                0x000000000000d6b0                bufferProducerConnect
 .text.bufferProducerDisconnect
                0x000000000000d7c0       0x94 E:/devkitPro/libnx/lib\libnx.a(buffer_producer.o)
                0x000000000000d7c0                bufferProducerDisconnect
 *fill*         0x000000000000d854        0xc 
 .text.bufferProducerGraphicBufferInit
                0x000000000000d860      0x100 E:/devkitPro/libnx/lib\libnx.a(buffer_producer.o)
                0x000000000000d860                bufferProducerGraphicBufferInit
 .text._binderTransactParcelAuto
                0x000000000000d960      0x248 E:/devkitPro/libnx/lib\libnx.a(binder.o)
 *fill*         0x000000000000dba8        0x8 
 .text.ipcQueryPointerBufferSize
                0x000000000000dbb0       0xc8 E:/devkitPro/libnx/lib\libnx.a(binder.o)
 *fill*         0x000000000000dc78        0x8 
 .text._binderTransactParcel
                0x000000000000dc80      0x138 E:/devkitPro/libnx/lib\libnx.a(binder.o)
 *fill*         0x000000000000ddb8        0x8 
 .text.binderCreateSession
                0x000000000000ddc0       0x18 E:/devkitPro/libnx/lib\libnx.a(binder.o)
                0x000000000000ddc0                binderCreateSession
 *fill*         0x000000000000ddd8        0x8 
 .text.binderTransactParcel
                0x000000000000dde0       0x10 E:/devkitPro/libnx/lib\libnx.a(binder.o)
                0x000000000000dde0                binderTransactParcel
 .text.binderAdjustRefcount
                0x000000000000ddf0       0xe4 E:/devkitPro/libnx/lib\libnx.a(binder.o)
                0x000000000000ddf0                binderAdjustRefcount
 *fill*         0x000000000000ded4        0xc 
 .text.binderExitSession
                0x000000000000dee0       0x68 E:/devkitPro/libnx/lib\libnx.a(binder.o)
                0x000000000000dee0                binderExitSession
 *fill*         0x000000000000df48        0x8 
 .text.binderGetNativeHandle
                0x000000000000df50      0x13c E:/devkitPro/libnx/lib\libnx.a(binder.o)
                0x000000000000df50                binderGetNativeHandle
 *fill*         0x000000000000e08c        0x4 
 .text.binderInitSession
                0x000000000000e090      0x120 E:/devkitPro/libnx/lib\libnx.a(binder.o)
                0x000000000000e090                binderInitSession
 .text.parcelInitialize
                0x000000000000e1b0       0x28 E:/devkitPro/libnx/lib\libnx.a(parcel.o)
                0x000000000000e1b0                parcelInitialize
 *fill*         0x000000000000e1d8        0x8 
 .text.parcelTransact
                0x000000000000e1e0      0x190 E:/devkitPro/libnx/lib\libnx.a(parcel.o)
                0x000000000000e1e0                parcelTransact
 .text.parcelWriteData
                0x000000000000e370       0x88 E:/devkitPro/libnx/lib\libnx.a(parcel.o)
                0x000000000000e370                parcelWriteData
 *fill*         0x000000000000e3f8        0x8 
 .text.parcelReadData
                0x000000000000e400       0x98 E:/devkitPro/libnx/lib\libnx.a(parcel.o)
                0x000000000000e400                parcelReadData
 *fill*         0x000000000000e498        0x8 
 .text.parcelWriteInt32
                0x000000000000e4a0       0x20 E:/devkitPro/libnx/lib\libnx.a(parcel.o)
                0x000000000000e4a0                parcelWriteInt32
 .text.parcelWriteUInt32
                0x000000000000e4c0       0x20 E:/devkitPro/libnx/lib\libnx.a(parcel.o)
                0x000000000000e4c0                parcelWriteUInt32
 .text.parcelWriteString16
                0x000000000000e4e0       0x80 E:/devkitPro/libnx/lib\libnx.a(parcel.o)
                0x000000000000e4e0                parcelWriteString16
 .text.parcelWriteInterfaceToken
                0x000000000000e560       0x30 E:/devkitPro/libnx/lib\libnx.a(parcel.o)
                0x000000000000e560                parcelWriteInterfaceToken
 .text.parcelReadInt32
                0x000000000000e590       0x24 E:/devkitPro/libnx/lib\libnx.a(parcel.o)
                0x000000000000e590                parcelReadInt32
 *fill*         0x000000000000e5b4        0xc 
 .text.parcelReadFlattenedObject
                0x000000000000e5c0       0x68 E:/devkitPro/libnx/lib\libnx.a(parcel.o)
                0x000000000000e5c0                parcelReadFlattenedObject
 *fill*         0x000000000000e628        0x8 
 .text.parcelWriteFlattenedObject
                0x000000000000e630       0x44 E:/devkitPro/libnx/lib\libnx.a(parcel.o)
                0x000000000000e630                parcelWriteFlattenedObject
 *fill*         0x000000000000e674        0xc 
 .text.decode_utf8
                0x000000000000e680      0x12c E:/devkitPro/libnx/lib\libnx.a(decode_utf8.o)
                0x000000000000e680                decode_utf8
 .text.__aarch64_read_tp
                0x000000000000e7ac        0xc E:/devkitPro/libnx/lib\libnx.a(readtp.o)
                0x000000000000e7ac                __aarch64_read_tp
 *fill*         0x000000000000e7b8        0x8 
 .text.nxlinkSetup
                0x000000000000e7c0       0xc4 E:/devkitPro/libnx/lib\libnx.a(nxlink.o)
                0x000000000000e7c0                nxlinkSetup
 *fill*         0x000000000000e884        0xc 
 .text.tmemCreate
                0x000000000000e890       0x7c E:/devkitPro/libnx/lib\libnx.a(tmem.o)
                0x000000000000e890                tmemCreate
 *fill*         0x000000000000e90c        0x4 
 .text.tmemUnmap
                0x000000000000e910       0x58 E:/devkitPro/libnx/lib\libnx.a(tmem.o)
                0x000000000000e910                tmemUnmap
 *fill*         0x000000000000e968        0x8 
 .text.tmemClose
                0x000000000000e970       0x68 E:/devkitPro/libnx/lib\libnx.a(tmem.o)
                0x000000000000e970                tmemClose
 .text.bsearch  0x000000000000e9d8       0xb8 e:/devkitpro/devkita64/bin/../lib/gcc/aarch64-none-elf/8.2.0/../../../../aarch64-none-elf/lib/pic\libg.a(lib_a-bsearch.o)
                0x000000000000e9d8                bsearch
 .text.calloc   0x000000000000ea90       0x30 e:/devkitpro/devkita64/bin/../lib/gcc/aarch64-none-elf/8.2.0/../../../../aarch64-none-elf/lib/pic\libg.a(lib_a-calloc.o)
                0x000000000000ea90                calloc
 .text._calloc_r
                0x000000000000eac0       0x94 e:/devkitpro/devkita64/bin/../lib/gcc/aarch64-none-elf/8.2.0/../../../../aarch64-none-elf/lib/pic\libg.a(lib_a-callocr.o)
                0x000000000000eac0                _calloc_r
 *fill*         0x000000000000eb54        0x4 
 .text.__errno  0x000000000000eb58       0x14 e:/devkitpro/devkita64/bin/../lib/gcc/aarch64-none-elf/8.2.0/../../../../aarch64-none-elf/lib/pic\libg.a(lib_a-errno.o)
                0x000000000000eb58                __errno
 *fill*         0x000000000000eb6c        0x4 
 .text._fclose_r
                0x000000000000eb70      0x15c e:/devkitpro/devkita64/bin/../lib/gcc/aarch64-none-elf/8.2.0/../../../../aarch64-none-elf/lib/pic\libg.a(lib_a-fclose.o)
                0x000000000000eb70                _fclose_r
 *fill*         0x000000000000eccc        0x4 
 .text.fclose   0x000000000000ecd0       0x1c e:/devkitpro/devkita64/bin/../lib/gcc/aarch64-none-elf/8.2.0/../../../../aarch64-none-elf/lib/pic\libg.a(lib_a-fclose.o)
                0x000000000000ecd0                fclose
 *fill*         0x000000000000ecec        0x4 
 .text.__sflush_r
                0x000000000000ecf0      0x214 e:/devkitpro/devkita64/bin/../lib/gcc/aarch64-none-elf/8.2.0/../../../../aarch64-none-elf/lib/pic\libg.a(lib_a-fflush.o)
                0x000000000000ecf0                __sflush_r
 *fill*         0x000000000000ef04        0x4 
 .text._fflush_r
                0x000000000000ef08       0xb8 e:/devkitpro/devkita64/bin/../lib/gcc/aarch64-none-elf/8.2.0/../../../../aarch64-none-elf/lib/pic\libg.a(lib_a-fflush.o)
                0x000000000000ef08                _fflush_r
 .text.fflush   0x000000000000efc0       0x40 e:/devkitpro/devkita64/bin/../lib/gcc/aarch64-none-elf/8.2.0/../../../../aarch64-none-elf/lib/pic\libg.a(lib_a-fflush.o)
                0x000000000000efc0                fflush
 .text.std      0x000000000000f000       0x78 e:/devkitpro/devkita64/bin/../lib/gcc/aarch64-none-elf/8.2.0/../../../../aarch64-none-elf/lib/pic\libg.a(lib_a-findfp.o)
 .text._cleanup_r
                0x000000000000f078        0xc e:/devkitpro/devkita64/bin/../lib/gcc/aarch64-none-elf/8.2.0/../../../../aarch64-none-elf/lib/pic\libg.a(lib_a-findfp.o)
                0x000000000000f078                _cleanup_r
 *fill*         0x000000000000f084        0x4 
 .text.__sfmoreglue
                0x000000000000f088       0x60 e:/devkitpro/devkita64/bin/../lib/gcc/aarch64-none-elf/8.2.0/../../../../aarch64-none-elf/lib/pic\libg.a(lib_a-findfp.o)
                0x000000000000f088                __sfmoreglue
 .text.__sfp_lock_acquire
                0x000000000000f0e8        0xc e:/devkitpro/devkita64/bin/../lib/gcc/aarch64-none-elf/8.2.0/../../../../aarch64-none-elf/lib/pic\libg.a(lib_a-findfp.o)
                0x000000000000f0e8                __sfp_lock_acquire
 *fill*         0x000000000000f0f4        0x4 
 .text.__sfp_lock_release
                0x000000000000f0f8        0xc e:/devkitpro/devkita64/bin/../lib/gcc/aarch64-none-elf/8.2.0/../../../../aarch64-none-elf/lib/pic\libg.a(lib_a-findfp.o)
                0x000000000000f0f8                __sfp_lock_release
 *fill*         0x000000000000f104        0x4 
 .text.__sinit_lock_acquire
                0x000000000000f108        0xc e:/devkitpro/devkita64/bin/../lib/gcc/aarch64-none-elf/8.2.0/../../../../aarch64-none-elf/lib/pic\libg.a(lib_a-findfp.o)
                0x000000000000f108                __sinit_lock_acquire
 *fill*         0x000000000000f114        0x4 
 .text.__sinit_lock_release
                0x000000000000f118        0xc e:/devkitpro/devkita64/bin/../lib/gcc/aarch64-none-elf/8.2.0/../../../../aarch64-none-elf/lib/pic\libg.a(lib_a-findfp.o)
                0x000000000000f118                __sinit_lock_release
 *fill*         0x000000000000f124        0x4 
 .text.__sinit  0x000000000000f128       0x80 e:/devkitpro/devkita64/bin/../lib/gcc/aarch64-none-elf/8.2.0/../../../../aarch64-none-elf/lib/pic\libg.a(lib_a-findfp.o)
                0x000000000000f128                __sinit
 .text.__sfp    0x000000000000f1a8      0x118 e:/devkitpro/devkita64/bin/../lib/gcc/aarch64-none-elf/8.2.0/../../../../aarch64-none-elf/lib/pic\libg.a(lib_a-findfp.o)
                0x000000000000f1a8                __sfp
 .text.__libc_fini_array
                0x000000000000f2c0       0x44 e:/devkitpro/devkita64/bin/../lib/gcc/aarch64-none-elf/8.2.0/../../../../aarch64-none-elf/lib/pic\libg.a(lib_a-fini.o)
                0x000000000000f2c0                __libc_fini_array
 *fill*         0x000000000000f304        0x4 
 .text._fopen_r
                0x000000000000f308      0x130 e:/devkitpro/devkita64/bin/../lib/gcc/aarch64-none-elf/8.2.0/../../../../aarch64-none-elf/lib/pic\libg.a(lib_a-fopen.o)
                0x000000000000f308                _fopen_r
 .text.fopen    0x000000000000f438       0x30 e:/devkitpro/devkita64/bin/../lib/gcc/aarch64-none-elf/8.2.0/../../../../aarch64-none-elf/lib/pic\libg.a(lib_a-fopen.o)
                0x000000000000f438                fopen
 .text._fread_r
                0x000000000000f468      0x328 e:/devkitpro/devkita64/bin/../lib/gcc/aarch64-none-elf/8.2.0/../../../../aarch64-none-elf/lib/pic\libg.a(lib_a-fread.o)
                0x000000000000f468                _fread_r
 .text.fread    0x000000000000f790       0x40 e:/devkitpro/devkita64/bin/../lib/gcc/aarch64-none-elf/8.2.0/../../../../aarch64-none-elf/lib/pic\libg.a(lib_a-fread.o)
                0x000000000000f790                fread
 .text._malloc_trim_r
                0x000000000000f7d0      0x118 e:/devkitpro/devkita64/bin/../lib/gcc/aarch64-none-elf/8.2.0/../../../../aarch64-none-elf/lib/pic\libg.a(lib_a-freer.o)
                0x000000000000f7d0                _malloc_trim_r
 .text._free_r  0x000000000000f8e8      0x2f4 e:/devkitpro/devkita64/bin/../lib/gcc/aarch64-none-elf/8.2.0/../../../../aarch64-none-elf/lib/pic\libg.a(lib_a-freer.o)
                0x000000000000f8e8                _free_r
 *fill*         0x000000000000fbdc        0x4 
 .text._fseek_r
                0x000000000000fbe0        0x4 e:/devkitpro/devkita64/bin/../lib/gcc/aarch64-none-elf/8.2.0/../../../../aarch64-none-elf/lib/pic\libg.a(lib_a-fseek.o)
                0x000000000000fbe0                _fseek_r
 *fill*         0x000000000000fbe4        0x4 
 .text.fseek    0x000000000000fbe8       0x3c e:/devkitpro/devkita64/bin/../lib/gcc/aarch64-none-elf/8.2.0/../../../../aarch64-none-elf/lib/pic\libg.a(lib_a-fseek.o)
                0x000000000000fbe8                fseek
 *fill*         0x000000000000fc24        0x4 
 .text._fseeko_r
                0x000000000000fc28      0x4c4 e:/devkitpro/devkita64/bin/../lib/gcc/aarch64-none-elf/8.2.0/../../../../aarch64-none-elf/lib/pic\libg.a(lib_a-fseeko.o)
                0x000000000000fc28                _fseeko_r
 *fill*         0x00000000000100ec        0x4 
 .text._ftell_r
                0x00000000000100f0        0x4 e:/devkitpro/devkita64/bin/../lib/gcc/aarch64-none-elf/8.2.0/../../../../aarch64-none-elf/lib/pic\libg.a(lib_a-ftell.o)
                0x00000000000100f0                _ftell_r
 *fill*         0x00000000000100f4        0x4 
 .text.ftell    0x00000000000100f8       0x1c e:/devkitpro/devkita64/bin/../lib/gcc/aarch64-none-elf/8.2.0/../../../../aarch64-none-elf/lib/pic\libg.a(lib_a-ftell.o)
                0x00000000000100f8                ftell
 *fill*         0x0000000000010114        0x4 
 .text._ftello_r
                0x0000000000010118      0x164 e:/devkitpro/devkita64/bin/../lib/gcc/aarch64-none-elf/8.2.0/../../../../aarch64-none-elf/lib/pic\libg.a(lib_a-ftello.o)
                0x0000000000010118                _ftello_r
 *fill*         0x000000000001027c        0x4 
 .text._fwalk   0x0000000000010280       0xb8 e:/devkitpro/devkita64/bin/../lib/gcc/aarch64-none-elf/8.2.0/../../../../aarch64-none-elf/lib/pic\libg.a(lib_a-fwalk.o)
                0x0000000000010280                _fwalk
 .text._fwalk_reent
                0x0000000000010338       0xbc e:/devkitpro/devkita64/bin/../lib/gcc/aarch64-none-elf/8.2.0/../../../../aarch64-none-elf/lib/pic\libg.a(lib_a-fwalk.o)
                0x0000000000010338                _fwalk_reent
 *fill*         0x00000000000103f4        0x4 
 .text.__libc_init_array
                0x00000000000103f8       0x8c e:/devkitpro/devkita64/bin/../lib/gcc/aarch64-none-elf/8.2.0/../../../../aarch64-none-elf/lib/pic\libg.a(lib_a-init.o)
                0x00000000000103f8                __libc_init_array
 *fill*         0x0000000000010484        0x4 
 .text.__locale_mb_cur_max
                0x0000000000010488       0x2c e:/devkitpro/devkita64/bin/../lib/gcc/aarch64-none-elf/8.2.0/../../../../aarch64-none-elf/lib/pic\libg.a(lib_a-locale.o)
                0x0000000000010488                __locale_mb_cur_max
 *fill*         0x00000000000104b4        0x4 
 .text.__locale_ctype_ptr_l
                0x00000000000104b8        0x8 e:/devkitpro/devkita64/bin/../lib/gcc/aarch64-none-elf/8.2.0/../../../../aarch64-none-elf/lib/pic\libg.a(lib_a-locale.o)
                0x00000000000104b8                __locale_ctype_ptr_l
 .text.__locale_ctype_ptr
                0x00000000000104c0       0x2c e:/devkitpro/devkita64/bin/../lib/gcc/aarch64-none-elf/8.2.0/../../../../aarch64-none-elf/lib/pic\libg.a(lib_a-locale.o)
                0x00000000000104c0                __locale_ctype_ptr
 *fill*         0x00000000000104ec        0x4 
 .text.__swhatbuf_r
                0x00000000000104f0       0xa4 e:/devkitpro/devkita64/bin/../lib/gcc/aarch64-none-elf/8.2.0/../../../../aarch64-none-elf/lib/pic\libg.a(lib_a-makebuf.o)
                0x00000000000104f0                __swhatbuf_r
 *fill*         0x0000000000010594        0x4 
 .text.__smakebuf_r
                0x0000000000010598      0x10c e:/devkitpro/devkita64/bin/../lib/gcc/aarch64-none-elf/8.2.0/../../../../aarch64-none-elf/lib/pic\libg.a(lib_a-makebuf.o)
                0x0000000000010598                __smakebuf_r
 *fill*         0x00000000000106a4        0x4 
 .text.memalign
                0x00000000000106a8       0x30 e:/devkitpro/devkita64/bin/../lib/gcc/aarch64-none-elf/8.2.0/../../../../aarch64-none-elf/lib/pic\libg.a(lib_a-malign.o)
                0x00000000000106a8                memalign
 .text._memalign_r
                0x00000000000106d8      0x198 e:/devkitpro/devkita64/bin/../lib/gcc/aarch64-none-elf/8.2.0/../../../../aarch64-none-elf/lib/pic\libg.a(lib_a-malignr.o)
                0x00000000000106d8                _memalign_r
 .text.malloc   0x0000000000010870       0x1c e:/devkitpro/devkita64/bin/../lib/gcc/aarch64-none-elf/8.2.0/../../../../aarch64-none-elf/lib/pic\libg.a(lib_a-malloc.o)
                0x0000000000010870                malloc
 *fill*         0x000000000001088c        0x4 
 .text.free     0x0000000000010890       0x1c e:/devkitpro/devkita64/bin/../lib/gcc/aarch64-none-elf/8.2.0/../../../../aarch64-none-elf/lib/pic\libg.a(lib_a-malloc.o)
                0x0000000000010890                free
 *fill*         0x00000000000108ac        0x4 
 .text._malloc_r
                0x00000000000108b0      0x844 e:/devkitpro/devkita64/bin/../lib/gcc/aarch64-none-elf/8.2.0/../../../../aarch64-none-elf/lib/pic\libg.a(lib_a-mallocr.o)
                0x00000000000108b0                _malloc_r
 *fill*         0x00000000000110f4        0x4 
 .text.__utf8_mbtowc
                0x00000000000110f8      0x2c8 e:/devkitpro/devkita64/bin/../lib/gcc/aarch64-none-elf/8.2.0/../../../../aarch64-none-elf/lib/pic\libg.a(lib_a-mbtowc_r.o)
                0x00000000000110f8                __utf8_mbtowc
 .text          0x00000000000113c0       0xd8 e:/devkitpro/devkita64/bin/../lib/gcc/aarch64-none-elf/8.2.0/../../../../aarch64-none-elf/lib/pic\libg.a(lib_a-memchr.o)
                0x00000000000113c0                memchr
 *fill*         0x0000000000011498       0x28 
 .text          0x00000000000114c0      0x16c e:/devkitpro/devkita64/bin/../lib/gcc/aarch64-none-elf/8.2.0/../../../../aarch64-none-elf/lib/pic\libg.a(lib_a-memcpy.o)
                0x00000000000114c0                memcpy
 *fill*         0x000000000001162c       0x14 
 .text          0x0000000000011640      0x1d8 e:/devkitpro/devkita64/bin/../lib/gcc/aarch64-none-elf/8.2.0/../../../../aarch64-none-elf/lib/pic\libg.a(lib_a-memset.o)
                0x0000000000011640                memset
 .text.__malloc_lock
                0x0000000000011818        0xc e:/devkitpro/devkita64/bin/../lib/gcc/aarch64-none-elf/8.2.0/../../../../aarch64-none-elf/lib/pic\libg.a(lib_a-mlock.o)
                0x0000000000011818                __malloc_lock
 *fill*         0x0000000000011824        0x4 
 .text.__malloc_unlock
                0x0000000000011828        0xc e:/devkitpro/devkita64/bin/../lib/gcc/aarch64-none-elf/8.2.0/../../../../aarch64-none-elf/lib/pic\libg.a(lib_a-mlock.o)
                0x0000000000011828                __malloc_unlock
 *fill*         0x0000000000011834        0x4 
 .text.printf   0x0000000000011838       0x8c e:/devkitpro/devkita64/bin/../lib/gcc/aarch64-none-elf/8.2.0/../../../../aarch64-none-elf/lib/pic\libg.a(lib_a-printf.o)
                0x0000000000011838                printf
 *fill*         0x00000000000118c4        0x4 
 .text.lflush   0x00000000000118c8       0x20 e:/devkitpro/devkita64/bin/../lib/gcc/aarch64-none-elf/8.2.0/../../../../aarch64-none-elf/lib/pic\libg.a(lib_a-refill.o)
 .text.__srefill_r
                0x00000000000118e8      0x1d0 e:/devkitpro/devkita64/bin/../lib/gcc/aarch64-none-elf/8.2.0/../../../../aarch64-none-elf/lib/pic\libg.a(lib_a-refill.o)
                0x00000000000118e8                __srefill_r
 .text._rewind_r
                0x0000000000011ab8       0x34 e:/devkitpro/devkita64/bin/../lib/gcc/aarch64-none-elf/8.2.0/../../../../aarch64-none-elf/lib/pic\libg.a(lib_a-rewind.o)
                0x0000000000011ab8                _rewind_r
 *fill*         0x0000000000011aec        0x4 
 .text.rewind   0x0000000000011af0       0x1c e:/devkitpro/devkita64/bin/../lib/gcc/aarch64-none-elf/8.2.0/../../../../aarch64-none-elf/lib/pic\libg.a(lib_a-rewind.o)
                0x0000000000011af0                rewind
 *fill*         0x0000000000011b0c        0x4 
 .text.setvbuf  0x0000000000011b10      0x25c e:/devkitpro/devkita64/bin/../lib/gcc/aarch64-none-elf/8.2.0/../../../../aarch64-none-elf/lib/pic\libg.a(lib_a-setvbuf.o)
                0x0000000000011b10                setvbuf
 *fill*         0x0000000000011d6c        0x4 
 .text.sscanf   0x0000000000011d70       0xbc e:/devkitpro/devkita64/bin/../lib/gcc/aarch64-none-elf/8.2.0/../../../../aarch64-none-elf/lib/pic\libg.a(lib_a-sscanf.o)
                0x0000000000011d70                sscanf
 *fill*         0x0000000000011e2c        0x4 
 .text.__sread  0x0000000000011e30       0x50 e:/devkitpro/devkita64/bin/../lib/gcc/aarch64-none-elf/8.2.0/../../../../aarch64-none-elf/lib/pic\libg.a(lib_a-stdio.o)
                0x0000000000011e30                __sread
 .text.__seofread
                0x0000000000011e80        0x8 e:/devkitpro/devkita64/bin/../lib/gcc/aarch64-none-elf/8.2.0/../../../../aarch64-none-elf/lib/pic\libg.a(lib_a-stdio.o)
                0x0000000000011e80                __seofread
 .text.__swrite
                0x0000000000011e88       0x6c e:/devkitpro/devkita64/bin/../lib/gcc/aarch64-none-elf/8.2.0/../../../../aarch64-none-elf/lib/pic\libg.a(lib_a-stdio.o)
                0x0000000000011e88                __swrite
 *fill*         0x0000000000011ef4        0x4 
 .text.__sseek  0x0000000000011ef8       0x50 e:/devkitpro/devkita64/bin/../lib/gcc/aarch64-none-elf/8.2.0/../../../../aarch64-none-elf/lib/pic\libg.a(lib_a-stdio.o)
                0x0000000000011ef8                __sseek
 .text.__sclose
                0x0000000000011f48        0x8 e:/devkitpro/devkita64/bin/../lib/gcc/aarch64-none-elf/8.2.0/../../../../aarch64-none-elf/lib/pic\libg.a(lib_a-stdio.o)
                0x0000000000011f48                __sclose
 .text          0x0000000000011f50       0xdc e:/devkitpro/devkita64/bin/../lib/gcc/aarch64-none-elf/8.2.0/../../../../aarch64-none-elf/lib/pic\libg.a(lib_a-strchr.o)
                0x0000000000011f50                strchr
 *fill*         0x000000000001202c       0x14 
 .text          0x0000000000012040       0xa4 e:/devkitpro/devkita64/bin/../lib/gcc/aarch64-none-elf/8.2.0/../../../../aarch64-none-elf/lib/pic\libg.a(lib_a-strcmp.o)
                0x0000000000012040                strcmp
 *fill*         0x00000000000120e4        0x4 
 .text.strcspn  0x00000000000120e8       0x4c e:/devkitpro/devkita64/bin/../lib/gcc/aarch64-none-elf/8.2.0/../../../../aarch64-none-elf/lib/pic\libg.a(lib_a-strcspn.o)
                0x00000000000120e8                strcspn
 *fill*         0x0000000000012134        0xc 
 .text          0x0000000000012140      0x140 e:/devkitpro/devkita64/bin/../lib/gcc/aarch64-none-elf/8.2.0/../../../../aarch64-none-elf/lib/pic\libg.a(lib_a-strlen.o)
                0x0000000000012140                strlen
 .text.strncat  0x0000000000012280       0x84 e:/devkitpro/devkita64/bin/../lib/gcc/aarch64-none-elf/8.2.0/../../../../aarch64-none-elf/lib/pic\libg.a(lib_a-strncat.o)
                0x0000000000012280                strncat
 *fill*         0x0000000000012304       0x3c 
 .text          0x0000000000012340      0x124 e:/devkitpro/devkita64/bin/../lib/gcc/aarch64-none-elf/8.2.0/../../../../aarch64-none-elf/lib/pic\libg.a(lib_a-strncmp.o)
                0x000000000001235c                strncmp
 *fill*         0x0000000000012464        0x4 
 .text.strncpy  0x0000000000012468       0xa8 e:/devkitpro/devkita64/bin/../lib/gcc/aarch64-none-elf/8.2.0/../../../../aarch64-none-elf/lib/pic\libg.a(lib_a-strncpy.o)
                0x0000000000012468                strncpy
 *fill*         0x0000000000012510       0x30 
 .text          0x0000000000012540       0xe0 e:/devkitpro/devkita64/bin/../lib/gcc/aarch64-none-elf/8.2.0/../../../../aarch64-none-elf/lib/pic\libg.a(lib_a-strnlen.o)
                0x0000000000012564                strnlen
 .text._strtol_l.isra.0
                0x0000000000012620      0x1d0 e:/devkitpro/devkita64/bin/../lib/gcc/aarch64-none-elf/8.2.0/../../../../aarch64-none-elf/lib/pic\libg.a(lib_a-strtol.o)
 .text._strtol_r
                0x00000000000127f0       0x48 e:/devkitpro/devkita64/bin/../lib/gcc/aarch64-none-elf/8.2.0/../../../../aarch64-none-elf/lib/pic\libg.a(lib_a-strtol.o)
                0x00000000000127f0                _strtol_r
 .text._strtoul_l.isra.0
                0x0000000000012838      0x1e0 e:/devkitpro/devkita64/bin/../lib/gcc/aarch64-none-elf/8.2.0/../../../../aarch64-none-elf/lib/pic\libg.a(lib_a-strtoul.o)
 .text._strtoul_r
                0x0000000000012a18       0x48 e:/devkitpro/devkita64/bin/../lib/gcc/aarch64-none-elf/8.2.0/../../../../aarch64-none-elf/lib/pic\libg.a(lib_a-strtoul.o)
                0x0000000000012a18                _strtoul_r
 .text.strtoul  0x0000000000012a60       0x5c e:/devkitpro/devkita64/bin/../lib/gcc/aarch64-none-elf/8.2.0/../../../../aarch64-none-elf/lib/pic\libg.a(lib_a-strtoul.o)
                0x0000000000012a60                strtoul
 .text.get_arg  0x0000000000012abc       0x5c e:/devkitpro/devkita64/bin/../lib/gcc/aarch64-none-elf/8.2.0/../../../../aarch64-none-elf/lib/pic\libg.a(lib_a-svfscanf.o)
 .text.__ssvfscanf_r
                0x0000000000012b18     0x2f48 e:/devkitpro/devkita64/bin/../lib/gcc/aarch64-none-elf/8.2.0/../../../../aarch64-none-elf/lib/pic\libg.a(lib_a-svfscanf.o)
                0x0000000000012b18                __ssvfscanf_r
 .text.__sprint_r
                0x0000000000015a60       0x3c e:/devkitpro/devkita64/bin/../lib/gcc/aarch64-none-elf/8.2.0/../../../../aarch64-none-elf/lib/pic\libg.a(lib_a-vfiprintf.o)
                0x0000000000015a60                __sprint_r
 .text.get_arg  0x0000000000015a9c      0x76c e:/devkitpro/devkita64/bin/../lib/gcc/aarch64-none-elf/8.2.0/../../../../aarch64-none-elf/lib/pic\libg.a(lib_a-vfprintf.o)
 .text._vfprintf_r
                0x0000000000016208     0x3bfc e:/devkitpro/devkita64/bin/../lib/gcc/aarch64-none-elf/8.2.0/../../../../aarch64-none-elf/lib/pic\libg.a(lib_a-vfprintf.o)
                0x0000000000016208                _vfprintf_r
 .text.__sbprintf
                0x0000000000019e04       0xec e:/devkitpro/devkita64/bin/../lib/gcc/aarch64-none-elf/8.2.0/../../../../aarch64-none-elf/lib/pic\libg.a(lib_a-vfprintf.o)
 .text._wcrtomb_r
                0x0000000000019ef0       0xd0 e:/devkitpro/devkita64/bin/../lib/gcc/aarch64-none-elf/8.2.0/../../../../aarch64-none-elf/lib/pic\libg.a(lib_a-wcrtomb.o)
                0x0000000000019ef0                _wcrtomb_r
 .text._wcsrtombs_r
                0x0000000000019fc0       0x10 e:/devkitpro/devkita64/bin/../lib/gcc/aarch64-none-elf/8.2.0/../../../../aarch64-none-elf/lib/pic\libg.a(lib_a-wcsrtombs.o)
                0x0000000000019fc0                _wcsrtombs_r
 .text.__utf8_wctomb
                0x0000000000019fd0       0xe4 e:/devkitpro/devkita64/bin/../lib/gcc/aarch64-none-elf/8.2.0/../../../../aarch64-none-elf/lib/pic\libg.a(lib_a-wctomb_r.o)
                0x0000000000019fd0                __utf8_wctomb
 *fill*         0x000000000001a0b4        0x4 
 .text.__swsetup_r
                0x000000000001a0b8      0x140 e:/devkitpro/devkita64/bin/../lib/gcc/aarch64-none-elf/8.2.0/../../../../aarch64-none-elf/lib/pic\libg.a(lib_a-wsetup.o)
                0x000000000001a0b8                __swsetup_r
 .text.__call_exitprocs
                0x000000000001a1f8      0x17c e:/devkitpro/devkita64/bin/../lib/gcc/aarch64-none-elf/8.2.0/../../../../aarch64-none-elf/lib/pic\libg.a(lib_a-__call_atexit.o)
                0x000000000001a1f8                __call_exitprocs
 *fill*         0x000000000001a374        0x4 
 .text.quorem   0x000000000001a378      0x1a8 e:/devkitpro/devkita64/bin/../lib/gcc/aarch64-none-elf/8.2.0/../../../../aarch64-none-elf/lib/pic\libg.a(lib_a-dtoa.o)
 .text._dtoa_r  0x000000000001a520     0x10dc e:/devkitpro/devkita64/bin/../lib/gcc/aarch64-none-elf/8.2.0/../../../../aarch64-none-elf/lib/pic\libg.a(lib_a-dtoa.o)
                0x000000000001a520                _dtoa_r
 *fill*         0x000000000001b5fc        0x4 
 .text.__sflags
                0x000000000001b600       0xa8 e:/devkitpro/devkita64/bin/../lib/gcc/aarch64-none-elf/8.2.0/../../../../aarch64-none-elf/lib/pic\libg.a(lib_a-flags.o)
                0x000000000001b600                __sflags
 .text.__sfvwrite_r
                0x000000000001b6a8      0x4b8 e:/devkitpro/devkita64/bin/../lib/gcc/aarch64-none-elf/8.2.0/../../../../aarch64-none-elf/lib/pic\libg.a(lib_a-fvwrite.o)
                0x000000000001b6a8                __sfvwrite_r
 .text.iswspace
                0x000000000001bb60       0x84 e:/devkitpro/devkita64/bin/../lib/gcc/aarch64-none-elf/8.2.0/../../../../aarch64-none-elf/lib/pic\libg.a(lib_a-iswspace.o)
                0x000000000001bb60                iswspace
 *fill*         0x000000000001bbe4        0x4 
 .text.__jp2uc  0x000000000001bbe8      0x244 e:/devkitpro/devkita64/bin/../lib/gcc/aarch64-none-elf/8.2.0/../../../../aarch64-none-elf/lib/pic\libg.a(lib_a-jp2uc.o)
 *fill*         0x000000000001be2c        0x4 
 .text._jp2uc   0x000000000001be30       0xd0 e:/devkitpro/devkita64/bin/../lib/gcc/aarch64-none-elf/8.2.0/../../../../aarch64-none-elf/lib/pic\libg.a(lib_a-jp2uc.o)
                0x000000000001be30                _jp2uc
 .text.__localeconv_l
                0x000000000001bf00        0x8 e:/devkitpro/devkita64/bin/../lib/gcc/aarch64-none-elf/8.2.0/../../../../aarch64-none-elf/lib/pic\libg.a(lib_a-localeconv.o)
                0x000000000001bf00                __localeconv_l
 .text._localeconv_r
                0x000000000001bf08       0x28 e:/devkitpro/devkita64/bin/../lib/gcc/aarch64-none-elf/8.2.0/../../../../aarch64-none-elf/lib/pic\libg.a(lib_a-localeconv.o)
                0x000000000001bf08                _localeconv_r
 .text._mbrtowc_r
                0x000000000001bf30       0xd8 e:/devkitpro/devkita64/bin/../lib/gcc/aarch64-none-elf/8.2.0/../../../../aarch64-none-elf/lib/pic\libg.a(lib_a-mbrtowc.o)
                0x000000000001bf30                _mbrtowc_r
 *fill*         0x000000000001c008       0x38 
 .text          0x000000000001c040       0xac e:/devkitpro/devkita64/bin/../lib/gcc/aarch64-none-elf/8.2.0/../../../../aarch64-none-elf/lib/pic\libg.a(lib_a-memmove.o)
                0x000000000001c040                memmove
 *fill*         0x000000000001c0ec        0x4 
 .text._Balloc  0x000000000001c0f0       0x90 e:/devkitpro/devkita64/bin/../lib/gcc/aarch64-none-elf/8.2.0/../../../../aarch64-none-elf/lib/pic\libg.a(lib_a-mprec.o)
                0x000000000001c0f0                _Balloc
 .text._Bfree   0x000000000001c180       0x1c e:/devkitpro/devkita64/bin/../lib/gcc/aarch64-none-elf/8.2.0/../../../../aarch64-none-elf/lib/pic\libg.a(lib_a-mprec.o)
                0x000000000001c180                _Bfree
 *fill*         0x000000000001c19c        0x4 
 .text.__multadd
                0x000000000001c1a0       0xe8 e:/devkitpro/devkita64/bin/../lib/gcc/aarch64-none-elf/8.2.0/../../../../aarch64-none-elf/lib/pic\libg.a(lib_a-mprec.o)
                0x000000000001c1a0                __multadd
 .text.__s2b    0x000000000001c288      0x120 e:/devkitpro/devkita64/bin/../lib/gcc/aarch64-none-elf/8.2.0/../../../../aarch64-none-elf/lib/pic\libg.a(lib_a-mprec.o)
                0x000000000001c288                __s2b
 .text.__hi0bits
                0x000000000001c3a8       0x5c e:/devkitpro/devkita64/bin/../lib/gcc/aarch64-none-elf/8.2.0/../../../../aarch64-none-elf/lib/pic\libg.a(lib_a-mprec.o)
                0x000000000001c3a8                __hi0bits
 *fill*         0x000000000001c404        0x4 
 .text.__lo0bits
                0x000000000001c408       0xa0 e:/devkitpro/devkita64/bin/../lib/gcc/aarch64-none-elf/8.2.0/../../../../aarch64-none-elf/lib/pic\libg.a(lib_a-mprec.o)
                0x000000000001c408                __lo0bits
 .text.__i2b    0x000000000001c4a8       0x2c e:/devkitpro/devkita64/bin/../lib/gcc/aarch64-none-elf/8.2.0/../../../../aarch64-none-elf/lib/pic\libg.a(lib_a-mprec.o)
                0x000000000001c4a8                __i2b
 *fill*         0x000000000001c4d4        0x4 
 .text.__multiply
                0x000000000001c4d8      0x1c8 e:/devkitpro/devkita64/bin/../lib/gcc/aarch64-none-elf/8.2.0/../../../../aarch64-none-elf/lib/pic\libg.a(lib_a-mprec.o)
                0x000000000001c4d8                __multiply
 .text.__pow5mult
                0x000000000001c6a0      0x104 e:/devkitpro/devkita64/bin/../lib/gcc/aarch64-none-elf/8.2.0/../../../../aarch64-none-elf/lib/pic\libg.a(lib_a-mprec.o)
                0x000000000001c6a0                __pow5mult
 *fill*         0x000000000001c7a4        0x4 
 .text.__lshift
                0x000000000001c7a8      0x134 e:/devkitpro/devkita64/bin/../lib/gcc/aarch64-none-elf/8.2.0/../../../../aarch64-none-elf/lib/pic\libg.a(lib_a-mprec.o)
                0x000000000001c7a8                __lshift
 *fill*         0x000000000001c8dc        0x4 
 .text.__mcmp   0x000000000001c8e0       0x50 e:/devkitpro/devkita64/bin/../lib/gcc/aarch64-none-elf/8.2.0/../../../../aarch64-none-elf/lib/pic\libg.a(lib_a-mprec.o)
                0x000000000001c8e0                __mcmp
 .text.__mdiff  0x000000000001c930      0x14c e:/devkitpro/devkita64/bin/../lib/gcc/aarch64-none-elf/8.2.0/../../../../aarch64-none-elf/lib/pic\libg.a(lib_a-mprec.o)
                0x000000000001c930                __mdiff
 *fill*         0x000000000001ca7c        0x4 
 .text.__ulp    0x000000000001ca80       0x68 e:/devkitpro/devkita64/bin/../lib/gcc/aarch64-none-elf/8.2.0/../../../../aarch64-none-elf/lib/pic\libg.a(lib_a-mprec.o)
                0x000000000001ca80                __ulp
 .text.__b2d    0x000000000001cae8      0x150 e:/devkitpro/devkita64/bin/../lib/gcc/aarch64-none-elf/8.2.0/../../../../aarch64-none-elf/lib/pic\libg.a(lib_a-mprec.o)
                0x000000000001cae8                __b2d
 .text.__d2b    0x000000000001cc38      0x138 e:/devkitpro/devkita64/bin/../lib/gcc/aarch64-none-elf/8.2.0/../../../../aarch64-none-elf/lib/pic\libg.a(lib_a-mprec.o)
                0x000000000001cc38                __d2b
 .text.__ratio  0x000000000001cd70       0xa0 e:/devkitpro/devkita64/bin/../lib/gcc/aarch64-none-elf/8.2.0/../../../../aarch64-none-elf/lib/pic\libg.a(lib_a-mprec.o)
                0x000000000001cd70                __ratio
 .text.__copybits
                0x000000000001ce10       0x68 e:/devkitpro/devkita64/bin/../lib/gcc/aarch64-none-elf/8.2.0/../../../../aarch64-none-elf/lib/pic\libg.a(lib_a-mprec.o)
                0x000000000001ce10                __copybits
 .text.__any_on
                0x000000000001ce78       0x84 e:/devkitpro/devkita64/bin/../lib/gcc/aarch64-none-elf/8.2.0/../../../../aarch64-none-elf/lib/pic\libg.a(lib_a-mprec.o)
                0x000000000001ce78                __any_on
 *fill*         0x000000000001cefc        0x4 
 .text.realloc  0x000000000001cf00       0x30 e:/devkitpro/devkita64/bin/../lib/gcc/aarch64-none-elf/8.2.0/../../../../aarch64-none-elf/lib/pic\libg.a(lib_a-realloc.o)
                0x000000000001cf00                realloc
 .text._realloc_r
                0x000000000001cf30      0x56c e:/devkitpro/devkita64/bin/../lib/gcc/aarch64-none-elf/8.2.0/../../../../aarch64-none-elf/lib/pic\libg.a(lib_a-reallocr.o)
                0x000000000001cf30                _realloc_r
 *fill*         0x000000000001d49c        0x4 
 .text.__sccl   0x000000000001d4a0       0xbc e:/devkitpro/devkita64/bin/../lib/gcc/aarch64-none-elf/8.2.0/../../../../aarch64-none-elf/lib/pic\libg.a(lib_a-sccl.o)
                0x000000000001d4a0                __sccl
 *fill*         0x000000000001d55c        0x4 
 .text.nanf     0x000000000001d560        0xc e:/devkitpro/devkita64/bin/../lib/gcc/aarch64-none-elf/8.2.0/../../../../aarch64-none-elf/lib/pic\libg.a(lib_a-sf_nan.o)
                0x000000000001d560                nanf
 *fill*         0x000000000001d56c        0x4 
 .text.frexp    0x000000000001d570       0x7c e:/devkitpro/devkita64/bin/../lib/gcc/aarch64-none-elf/8.2.0/../../../../aarch64-none-elf/lib/pic\libg.a(lib_a-s_frexp.o)
                0x000000000001d570                frexp
 *fill*         0x000000000001d5ec        0x4 
 .text.sprintf  0x000000000001d5f0       0xa8 e:/devkitpro/devkita64/bin/../lib/gcc/aarch64-none-elf/8.2.0/../../../../aarch64-none-elf/lib/pic\libg.a(lib_a-sprintf.o)
                0x000000000001d5f0                sprintf
 .text.stpncpy  0x000000000001d698       0xc8 e:/devkitpro/devkita64/bin/../lib/gcc/aarch64-none-elf/8.2.0/../../../../aarch64-none-elf/lib/pic\libg.a(lib_a-stpncpy.o)
                0x000000000001d698                stpncpy
 .text.sulp     0x000000000001d760       0x54 e:/devkitpro/devkita64/bin/../lib/gcc/aarch64-none-elf/8.2.0/../../../../aarch64-none-elf/lib/pic\libg.a(lib_a-strtod.o)
 *fill*         0x000000000001d7b4        0x4 
 .text._strtod_l
                0x000000000001d7b8     0x10f0 e:/devkitpro/devkita64/bin/../lib/gcc/aarch64-none-elf/8.2.0/../../../../aarch64-none-elf/lib/pic\libg.a(lib_a-strtod.o)
                0x000000000001d7b8                _strtod_l
 .text._strtod_r
                0x000000000001e8a8       0x40 e:/devkitpro/devkita64/bin/../lib/gcc/aarch64-none-elf/8.2.0/../../../../aarch64-none-elf/lib/pic\libg.a(lib_a-strtod.o)
                0x000000000001e8a8                _strtod_r
 .text._strtoll_l.isra.0
                0x000000000001e8e8      0x1d0 e:/devkitpro/devkita64/bin/../lib/gcc/aarch64-none-elf/8.2.0/../../../../aarch64-none-elf/lib/pic\libg.a(lib_a-strtoll.o)
 .text._strtoll_r
                0x000000000001eab8       0x48 e:/devkitpro/devkita64/bin/../lib/gcc/aarch64-none-elf/8.2.0/../../../../aarch64-none-elf/lib/pic\libg.a(lib_a-strtoll.o)
                0x000000000001eab8                _strtoll_r
 .text._strtoull_l.isra.0
                0x000000000001eb00      0x1e0 e:/devkitpro/devkita64/bin/../lib/gcc/aarch64-none-elf/8.2.0/../../../../aarch64-none-elf/lib/pic\libg.a(lib_a-strtoull.o)
 .text._strtoull_r
                0x000000000001ece0       0x48 e:/devkitpro/devkita64/bin/../lib/gcc/aarch64-none-elf/8.2.0/../../../../aarch64-none-elf/lib/pic\libg.a(lib_a-strtoull.o)
                0x000000000001ece0                _strtoull_r
 .text.__ssprint_r
                0x000000000001ed28      0x1c0 e:/devkitpro/devkita64/bin/../lib/gcc/aarch64-none-elf/8.2.0/../../../../aarch64-none-elf/lib/pic\libg.a(lib_a-svfiprintf.o)
                0x000000000001ed28                __ssprint_r
 .text._sungetc_r
                0x000000000001eee8       0xf4 e:/devkitpro/devkita64/bin/../lib/gcc/aarch64-none-elf/8.2.0/../../../../aarch64-none-elf/lib/pic\libg.a(lib_a-svfiscanf.o)
                0x000000000001eee8                _sungetc_r
 .text.__ssrefill_r
                0x000000000001efdc       0x70 e:/devkitpro/devkita64/bin/../lib/gcc/aarch64-none-elf/8.2.0/../../../../aarch64-none-elf/lib/pic\libg.a(lib_a-svfiscanf.o)
                0x000000000001efdc                __ssrefill_r
 .text._sfread_r
                0x000000000001f04c       0xe0 e:/devkitpro/devkita64/bin/../lib/gcc/aarch64-none-elf/8.2.0/../../../../aarch64-none-elf/lib/pic\libg.a(lib_a-svfiscanf.o)
                0x000000000001f04c                _sfread_r
 .text.get_arg  0x000000000001f12c      0x76c e:/devkitpro/devkita64/bin/../lib/gcc/aarch64-none-elf/8.2.0/../../../../aarch64-none-elf/lib/pic\libg.a(lib_a-svfprintf.o)
 .text._svfprintf_r
                0x000000000001f898     0x3b44 e:/devkitpro/devkita64/bin/../lib/gcc/aarch64-none-elf/8.2.0/../../../../aarch64-none-elf/lib/pic\libg.a(lib_a-svfprintf.o)
                0x000000000001f898                _svfprintf_r
 *fill*         0x00000000000233dc        0x4 
 .text.__submore
                0x00000000000233e0       0xc8 e:/devkitpro/devkita64/bin/../lib/gcc/aarch64-none-elf/8.2.0/../../../../aarch64-none-elf/lib/pic\libg.a(lib_a-ungetc.o)
                0x00000000000233e0                __submore
 .text._wcsnrtombs_l
                0x00000000000234a8      0x1dc e:/devkitpro/devkita64/bin/../lib/gcc/aarch64-none-elf/8.2.0/../../../../aarch64-none-elf/lib/pic\libg.a(lib_a-wcsnrtombs.o)
                0x00000000000234a8                _wcsnrtombs_l
 *fill*         0x0000000000023684        0x4 
 .text._wcsnrtombs_r
                0x0000000000023688       0x54 e:/devkitpro/devkita64/bin/../lib/gcc/aarch64-none-elf/8.2.0/../../../../aarch64-none-elf/lib/pic\libg.a(lib_a-wcsnrtombs.o)
                0x0000000000023688                _wcsnrtombs_r
 *fill*         0x00000000000236dc        0x4 
 .text.rshift   0x00000000000236e0      0x114 e:/devkitpro/devkita64/bin/../lib/gcc/aarch64-none-elf/8.2.0/../../../../aarch64-none-elf/lib/pic\libg.a(lib_a-gdtoa-gethex.o)
 *fill*         0x00000000000237f4        0x4 
 .text.__gethex